06-09 15:31:21.057 18737 18760 I TestRunner: started: grid_list_content_at_first_position(com.example.dogglers.GridListTests)
06-09 15:31:21.062 18737 18760 W Settings: Setting always_finish_activities has moved from android.provider.Settings.System to android.provider.Settings.Global, returning read-only value.
06-09 15:31:21.078   739   830 D SplashScreenView: Build android.window.SplashScreenView{ad49d99 V.E...... ......ID 0,0-0,0}
06-09 15:31:21.078   739   830 D SplashScreenView: Icon: view: null drawable: null size: 0
06-09 15:31:21.078   739   830 D SplashScreenView: Branding: view: android.view.View{1e1e85e G.ED..... ......I. 0,0-0,0 #10204a6 android:id/splashscreen_branding_view} drawable: null size w: 0 h: 0
06-09 15:31:21.089 18737 18737 D LifecycleMonitor: Lifecycle status change: androidx.test.core.app.InstrumentationActivityInvoker$BootstrapActivity@2c2c4cf in: PRE_ON_CREATE
06-09 15:31:21.089 18737 18737 V ActivityScenario: Activity lifecycle changed event received but ignored because the intent does not match. startActivityIntent=Intent { act=android.intent.action.MAIN cat=[android.intent.category.LAUNCHER] cmp=com.example.dogglers/.GridListActivity }, activity.getIntent()=Intent { act=android.intent.action.MAIN cat=[android.intent.category.LAUNCHER] flg=0x10008000 cmp=com.example.dogglers/androidx.test.core.app.InstrumentationActivityInvoker$BootstrapActivity (has extras) }, activity=androidx.test.core.app.InstrumentationActivityInvoker$BootstrapActivity@2c2c4cf
06-09 15:31:21.102 18737 18737 D LifecycleMonitor: Lifecycle status change: androidx.test.core.app.InstrumentationActivityInvoker$BootstrapActivity@2c2c4cf in: CREATED
06-09 15:31:21.103 18737 18737 V ActivityScenario: Activity lifecycle changed event received but ignored because the intent does not match. startActivityIntent=Intent { act=android.intent.action.MAIN cat=[android.intent.category.LAUNCHER] cmp=com.example.dogglers/.GridListActivity }, activity.getIntent()=Intent { act=android.intent.action.MAIN cat=[android.intent.category.LAUNCHER] flg=0x10008000 cmp=com.example.dogglers/androidx.test.core.app.InstrumentationActivityInvoker$BootstrapActivity (has extras) }, activity=androidx.test.core.app.InstrumentationActivityInvoker$BootstrapActivity@2c2c4cf
06-09 15:31:21.105   347   408 D goldfish-address-space: claimShared: Ask to claim region [0x3ec9a4000 0x3ed348000]
06-09 15:31:21.106 18737 18737 D LifecycleMonitor: Lifecycle status change: androidx.test.core.app.InstrumentationActivityInvoker$BootstrapActivity@2c2c4cf in: STARTED
06-09 15:31:21.106 18737 18737 V ActivityScenario: Activity lifecycle changed event received but ignored because the intent does not match. startActivityIntent=Intent { act=android.intent.action.MAIN cat=[android.intent.category.LAUNCHER] cmp=com.example.dogglers/.GridListActivity }, activity.getIntent()=Intent { act=android.intent.action.MAIN cat=[android.intent.category.LAUNCHER] flg=0x10008000 cmp=com.example.dogglers/androidx.test.core.app.InstrumentationActivityInvoker$BootstrapActivity (has extras) }, activity=androidx.test.core.app.InstrumentationActivityInvoker$BootstrapActivity@2c2c4cf
06-09 15:31:21.109   347   408 D goldfish-address-space: claimShared: Ask to claim region [0x3f0000000 0x3f09a4000]
06-09 15:31:21.111   347   408 D goldfish-address-space: claimShared: Ask to claim region [0x3f1cec000 0x3f2690000]
06-09 15:31:21.116 18737 18737 D LifecycleMonitor: Lifecycle status change: androidx.test.core.app.InstrumentationActivityInvoker$BootstrapActivity@2c2c4cf in: RESUMED
06-09 15:31:21.118 18737 18737 V ActivityScenario: Activity lifecycle changed event received but ignored because the intent does not match. startActivityIntent=Intent { act=android.intent.action.MAIN cat=[android.intent.category.LAUNCHER] cmp=com.example.dogglers/.GridListActivity }, activity.getIntent()=Intent { act=android.intent.action.MAIN cat=[android.intent.category.LAUNCHER] flg=0x10008000 cmp=com.example.dogglers/androidx.test.core.app.InstrumentationActivityInvoker$BootstrapActivity (has extras) }, activity=androidx.test.core.app.InstrumentationActivityInvoker$BootstrapActivity@2c2c4cf
06-09 15:31:21.120 18737 18737 D LifecycleMonitor: Lifecycle status change: androidx.test.core.app.InstrumentationActivityInvoker$BootstrapActivity@2c2c4cf in: PAUSED
06-09 15:31:21.121 18737 18737 V ActivityScenario: Activity lifecycle changed event received but ignored because the intent does not match. startActivityIntent=Intent { act=android.intent.action.MAIN cat=[android.intent.category.LAUNCHER] cmp=com.example.dogglers/.GridListActivity }, activity.getIntent()=Intent { act=android.intent.action.MAIN cat=[android.intent.category.LAUNCHER] flg=0x10008000 cmp=com.example.dogglers/androidx.test.core.app.InstrumentationActivityInvoker$BootstrapActivity (has extras) }, activity=androidx.test.core.app.InstrumentationActivityInvoker$BootstrapActivity@2c2c4cf
06-09 15:31:21.138  1606  1606 I A       : onApplyWindowInsets: systemWindowInsets=Insets{left=0, top=145, right=0, bottom=132}
06-09 15:31:21.138  1606  1606 I A       : onApplyWindowInsets: Adjusting for display cutouts. Safe insets: left=0, top=136, right=0, bottom=0
06-09 15:31:21.138  1606  1606 I A       : onApplyWindowInsets: systemWindowInsets=Insets{left=0, top=145, right=0, bottom=132}
06-09 15:31:21.144 18737 18737 D LifecycleMonitor: Lifecycle status change: com.example.dogglers.GridListActivity@156e2e1 in: PRE_ON_CREATE
06-09 15:31:21.145 18737 18737 V ActivityScenario: Activity lifecycle changed event received but ignored because the reported transition was not ON_CREATE while the last known transition was PRE_ON_CREATE
06-09 15:31:21.161  1377  1377 I GsaVoiceInteractionSrv: Handling ACTION_STOP_HOTWORD
06-09 15:31:21.161  1377  1377 E HwDetectorWithState: a: 3
06-09 15:31:21.163 18737 18737 D LifecycleMonitor: Lifecycle status change: com.example.dogglers.GridListActivity@156e2e1 in: CREATED
06-09 15:31:21.163 18737 18737 V ActivityScenario: Update currentActivityStage to CREATED, currentActivity=com.example.dogglers.GridListActivity@156e2e1
06-09 15:31:21.165 18737 18737 D LifecycleMonitor: Lifecycle status change: com.example.dogglers.GridListActivity@156e2e1 in: STARTED
06-09 15:31:21.166 18737 18737 V ActivityScenario: Update currentActivityStage to STARTED, currentActivity=com.example.dogglers.GridListActivity@156e2e1
06-09 15:31:21.166 18737 18737 D LifecycleMonitor: Lifecycle status change: com.example.dogglers.GridListActivity@156e2e1 in: RESUMED
06-09 15:31:21.167 18737 18737 V ActivityScenario: Update currentActivityStage to RESUMED, currentActivity=com.example.dogglers.GridListActivity@156e2e1
06-09 15:31:21.183   347   408 D goldfish-address-space: claimShared: Ask to claim region [0x3ec000000 0x3ec9a4000]
06-09 15:31:21.187   347   408 D goldfish-address-space: claimShared: Ask to claim region [0x3ef2e8000 0x3efc8c000]
06-09 15:31:21.189   347   408 D goldfish-address-space: claimShared: Ask to claim region [0x3f09a4000 0x3f1348000]
06-09 15:31:21.255 18737 18737 D RootViewPicker: Root not ready - waiting: 10ms for one to appear.
06-09 15:31:21.268 18737 18737 D RootViewPicker: Root not ready - waiting: 25ms for one to appear.
06-09 15:31:21.330  1303  1303 I GoogleInputMethodService: GoogleInputMethodService.onFinishInput():3420
06-09 15:31:21.331  1303  1303 I GoogleInputMethodService: GoogleInputMethodService.onStartInput():2002
06-09 15:31:21.331  1303  1303 I DeviceUnlockedTag: DeviceUnlockedTag.notifyDeviceLockStatusChanged():31 Notify device unlocked.
06-09 15:31:21.396 18737 18737 I ViewInteraction: Checking 'MatchesViewAssertion{viewMatcher=(view has effective visibility <VISIBLE> and view.getGlobalVisibleRect() to return non-empty rectangle)}' assertion on view an instance of android.widget.TextView and view.getText() with or without transformation to match: is "Tzeitel"
06-09 15:31:21.489 18737 18737 I ViewInteraction: Checking 'MatchesViewAssertion{viewMatcher=(view has effective visibility <VISIBLE> and view.getGlobalVisibleRect() to return non-empty rectangle)}' assertion on view an instance of android.widget.TextView and view.getText() with or without transformation to match: is "7"
06-09 15:31:21.489 18737 18737 E ViewAssertions: '(view has effective visibility <VISIBLE> and view.getGlobalVisibleRect() to return non-empty rectangle)' check could not be performed because view 'an instance of android.widget.TextView and view.getText() with or without transformation to match: is "7"' was not found.
06-09 15:31:21.503 18737 18737 D LifecycleMonitor: Lifecycle status change: com.example.dogglers.GridListActivity@156e2e1 in: PAUSED
06-09 15:31:21.503 18737 18737 V ActivityScenario: Update currentActivityStage to PAUSED, currentActivity=com.example.dogglers.GridListActivity@156e2e1
06-09 15:31:21.514   739   836 D EGL_emulation: app_time_stats: avg=11.38ms min=1.07ms max=106.32ms count=34
06-09 15:31:21.514 18737 18737 D LifecycleMonitor: Lifecycle status change: androidx.test.core.app.InstrumentationActivityInvoker$EmptyActivity@b766383 in: PRE_ON_CREATE
06-09 15:31:21.515 18737 18737 V ActivityScenario: Activity lifecycle changed event received but ignored because the intent does not match. startActivityIntent=Intent { act=android.intent.action.MAIN cat=[android.intent.category.LAUNCHER] cmp=com.example.dogglers/.GridListActivity }, activity.getIntent()=Intent { act=android.intent.action.MAIN cat=[android.intent.category.LAUNCHER] flg=0x10000000 cmp=com.example.dogglers/androidx.test.core.app.InstrumentationActivityInvoker$EmptyActivity }, activity=androidx.test.core.app.InstrumentationActivityInvoker$EmptyActivity@b766383
06-09 15:31:21.521 18737 18737 D LifecycleMonitor: Lifecycle status change: androidx.test.core.app.InstrumentationActivityInvoker$EmptyActivity@b766383 in: CREATED
06-09 15:31:21.522 18737 18737 V ActivityScenario: Activity lifecycle changed event received but ignored because the intent does not match. startActivityIntent=Intent { act=android.intent.action.MAIN cat=[android.intent.category.LAUNCHER] cmp=com.example.dogglers/.GridListActivity }, activity.getIntent()=Intent { act=android.intent.action.MAIN cat=[android.intent.category.LAUNCHER] flg=0x10000000 cmp=com.example.dogglers/androidx.test.core.app.InstrumentationActivityInvoker$EmptyActivity }, activity=androidx.test.core.app.InstrumentationActivityInvoker$EmptyActivity@b766383
06-09 15:31:21.524 18737 18737 D LifecycleMonitor: Lifecycle status change: androidx.test.core.app.InstrumentationActivityInvoker$EmptyActivity@b766383 in: STARTED
06-09 15:31:21.525 18737 18737 V ActivityScenario: Activity lifecycle changed event received but ignored because the intent does not match. startActivityIntent=Intent { act=android.intent.action.MAIN cat=[android.intent.category.LAUNCHER] cmp=com.example.dogglers/.GridListActivity }, activity.getIntent()=Intent { act=android.intent.action.MAIN cat=[android.intent.category.LAUNCHER] flg=0x10000000 cmp=com.example.dogglers/androidx.test.core.app.InstrumentationActivityInvoker$EmptyActivity }, activity=androidx.test.core.app.InstrumentationActivityInvoker$EmptyActivity@b766383
06-09 15:31:21.528 18737 18737 D LifecycleMonitor: Lifecycle status change: androidx.test.core.app.InstrumentationActivityInvoker$EmptyActivity@b766383 in: RESUMED
06-09 15:31:21.529 18737 18737 V ActivityScenario: Activity lifecycle changed event received but ignored because the intent does not match. startActivityIntent=Intent { act=android.intent.action.MAIN cat=[android.intent.category.LAUNCHER] cmp=com.example.dogglers/.GridListActivity }, activity.getIntent()=Intent { act=android.intent.action.MAIN cat=[android.intent.category.LAUNCHER] flg=0x10000000 cmp=com.example.dogglers/androidx.test.core.app.InstrumentationActivityInvoker$EmptyActivity }, activity=androidx.test.core.app.InstrumentationActivityInvoker$EmptyActivity@b766383
06-09 15:31:21.547   347   408 D goldfish-address-space: claimShared: Ask to claim region [0x3ed974000 0x3ee318000]
06-09 15:31:21.551   347   408 D goldfish-address-space: claimShared: Ask to claim region [0x3f1348000 0x3f1cec000]
06-09 15:31:21.552   347   408 D goldfish-address-space: claimShared: Ask to claim region [0x3f2690000 0x3f3034000]
06-09 15:31:21.559   546   575 W InputManager-JNI: Input channel object 'd9435e7 Splash Screen com.example.dogglers (client)' was disposed without first being removed with the input manager!
06-09 15:31:21.562   546   571 I ActivityTaskManager: Displayed com.example.dogglers/androidx.test.core.app.InstrumentationActivityInvoker$EmptyActivity: +491ms
06-09 15:31:21.567 18737 18737 D LifecycleMonitor: Lifecycle status change: com.example.dogglers.GridListActivity@156e2e1 in: STOPPED
06-09 15:31:21.568 18737 18737 V ActivityScenario: Update currentActivityStage to STOPPED, currentActivity=com.example.dogglers.GridListActivity@156e2e1
06-09 15:31:21.570 18737 18737 D LifecycleMonitor: Lifecycle status change: com.example.dogglers.GridListActivity@156e2e1 in: DESTROYED
06-09 15:31:21.572 18737 18737 V ActivityScenario: Update currentActivityStage to DESTROYED, currentActivity=null
06-09 15:31:21.577   546  2017 W InputManager-JNI: Input channel object '275df4 com.example.dogglers/com.example.dogglers.GridListActivity (client)' was disposed without first being removed with the input manager!
06-09 15:31:21.581 18737 18737 D LifecycleMonitor: Lifecycle status change: androidx.test.core.app.InstrumentationActivityInvoker$BootstrapActivity@2c2c4cf in: STOPPED
06-09 15:31:21.581 18737 18737 V ActivityScenario: Activity lifecycle changed event received but ignored because the intent does not match. startActivityIntent=Intent { act=android.intent.action.MAIN cat=[android.intent.category.LAUNCHER] cmp=com.example.dogglers/.GridListActivity }, activity.getIntent()=Intent { act=android.intent.action.MAIN cat=[android.intent.category.LAUNCHER] flg=0x10008000 cmp=com.example.dogglers/androidx.test.core.app.InstrumentationActivityInvoker$BootstrapActivity (has extras) }, activity=androidx.test.core.app.InstrumentationActivityInvoker$BootstrapActivity@2c2c4cf
06-09 15:31:21.586 18737 18737 D LifecycleMonitor: Lifecycle status change: androidx.test.core.app.InstrumentationActivityInvoker$EmptyActivity@b766383 in: PAUSED
06-09 15:31:21.587 18737 18737 V ActivityScenario: Activity lifecycle changed event received but ignored because the intent does not match. startActivityIntent=Intent { act=android.intent.action.MAIN cat=[android.intent.category.LAUNCHER] cmp=com.example.dogglers/.GridListActivity }, activity.getIntent()=Intent { act=android.intent.action.MAIN cat=[android.intent.category.LAUNCHER] flg=0x10000000 cmp=com.example.dogglers/androidx.test.core.app.InstrumentationActivityInvoker$EmptyActivity }, activity=androidx.test.core.app.InstrumentationActivityInvoker$EmptyActivity@b766383
06-09 15:31:21.594 18737 18737 D LifecycleMonitor: Lifecycle status change: androidx.test.core.app.InstrumentationActivityInvoker$BootstrapActivity@2c2c4cf in: DESTROYED
06-09 15:31:21.595 18737 18737 V ActivityScenario: Activity lifecycle changed event received but ignored because the intent does not match. startActivityIntent=Intent { act=android.intent.action.MAIN cat=[android.intent.category.LAUNCHER] cmp=com.example.dogglers/.GridListActivity }, activity.getIntent()=Intent { act=android.intent.action.MAIN cat=[android.intent.category.LAUNCHER] flg=0x10008000 cmp=com.example.dogglers/androidx.test.core.app.InstrumentationActivityInvoker$BootstrapActivity (has extras) }, activity=androidx.test.core.app.InstrumentationActivityInvoker$BootstrapActivity@2c2c4cf
06-09 15:31:21.598 18737 18737 D LifecycleMonitor: Lifecycle status change: androidx.test.core.app.InstrumentationActivityInvoker$EmptyActivity@f206818 in: PRE_ON_CREATE
06-09 15:31:21.598 18737 18737 V ActivityScenario: Activity lifecycle changed event received but ignored because the intent does not match. startActivityIntent=Intent { act=android.intent.action.MAIN cat=[android.intent.category.LAUNCHER] cmp=com.example.dogglers/.GridListActivity }, activity.getIntent()=Intent { act=android.intent.action.MAIN cat=[android.intent.category.LAUNCHER] flg=0x10000000 cmp=com.example.dogglers/androidx.test.core.app.InstrumentationActivityInvoker$EmptyActivity }, activity=androidx.test.core.app.InstrumentationActivityInvoker$EmptyActivity@f206818
06-09 15:31:21.605 18737 18737 D LifecycleMonitor: Lifecycle status change: androidx.test.core.app.InstrumentationActivityInvoker$EmptyActivity@f206818 in: CREATED
06-09 15:31:21.605 18737 18737 V ActivityScenario: Activity lifecycle changed event received but ignored because the intent does not match. startActivityIntent=Intent { act=android.intent.action.MAIN cat=[android.intent.category.LAUNCHER] cmp=com.example.dogglers/.GridListActivity }, activity.getIntent()=Intent { act=android.intent.action.MAIN cat=[android.intent.category.LAUNCHER] flg=0x10000000 cmp=com.example.dogglers/androidx.test.core.app.InstrumentationActivityInvoker$EmptyActivity }, activity=androidx.test.core.app.InstrumentationActivityInvoker$EmptyActivity@f206818
06-09 15:31:21.607 18737 18737 D LifecycleMonitor: Lifecycle status change: androidx.test.core.app.InstrumentationActivityInvoker$EmptyActivity@f206818 in: STARTED
06-09 15:31:21.607 18737 18737 V ActivityScenario: Activity lifecycle changed event received but ignored because the intent does not match. startActivityIntent=Intent { act=android.intent.action.MAIN cat=[android.intent.category.LAUNCHER] cmp=com.example.dogglers/.GridListActivity }, activity.getIntent()=Intent { act=android.intent.action.MAIN cat=[android.intent.category.LAUNCHER] flg=0x10000000 cmp=com.example.dogglers/androidx.test.core.app.InstrumentationActivityInvoker$EmptyActivity }, activity=androidx.test.core.app.InstrumentationActivityInvoker$EmptyActivity@f206818
06-09 15:31:21.609 18737 18737 D LifecycleMonitor: Lifecycle status change: androidx.test.core.app.InstrumentationActivityInvoker$EmptyActivity@f206818 in: RESUMED
06-09 15:31:21.609 18737 18737 V ActivityScenario: Activity lifecycle changed event received but ignored because the intent does not match. startActivityIntent=Intent { act=android.intent.action.MAIN cat=[android.intent.category.LAUNCHER] cmp=com.example.dogglers/.GridListActivity }, activity.getIntent()=Intent { act=android.intent.action.MAIN cat=[android.intent.category.LAUNCHER] flg=0x10000000 cmp=com.example.dogglers/androidx.test.core.app.InstrumentationActivityInvoker$EmptyActivity }, activity=androidx.test.core.app.InstrumentationActivityInvoker$EmptyActivity@f206818
06-09 15:31:21.631   347   408 D goldfish-address-space: claimShared: Ask to claim region [0x3ec000000 0x3ec9a4000]
06-09 15:31:21.635   347   408 D goldfish-address-space: claimShared: Ask to claim region [0x3ef2e8000 0x3efc8c000]
06-09 15:31:21.636   347   408 D goldfish-address-space: claimShared: Ask to claim region [0x3f09a4000 0x3f1348000]
06-09 15:31:21.643   546   571 I ActivityTaskManager: Displayed com.example.dogglers/androidx.test.core.app.InstrumentationActivityInvoker$EmptyActivity: +76ms
06-09 15:31:21.650   347   408 D goldfish-address-space: claimShared: Ask to claim region [0x3f488c000 0x3f4eb8000]
06-09 15:31:21.662 18737 18737 D LifecycleMonitor: Lifecycle status change: androidx.test.core.app.InstrumentationActivityInvoker$EmptyActivity@b766383 in: STOPPED
06-09 15:31:21.664 18737 18737 V ActivityScenario: Activity lifecycle changed event received but ignored because the intent does not match. startActivityIntent=Intent { act=android.intent.action.MAIN cat=[android.intent.category.LAUNCHER] cmp=com.example.dogglers/.GridListActivity }, activity.getIntent()=Intent { act=android.intent.action.MAIN cat=[android.intent.category.LAUNCHER] flg=0x10000000 cmp=com.example.dogglers/androidx.test.core.app.InstrumentationActivityInvoker$EmptyActivity }, activity=androidx.test.core.app.InstrumentationActivityInvoker$EmptyActivity@b766383
06-09 15:31:21.665 18737 18737 D LifecycleMonitor: Lifecycle status change: androidx.test.core.app.InstrumentationActivityInvoker$EmptyActivity@b766383 in: DESTROYED
06-09 15:31:21.665 18737 18737 V ActivityScenario: Activity lifecycle changed event received but ignored because the intent does not match. startActivityIntent=Intent { act=android.intent.action.MAIN cat=[android.intent.category.LAUNCHER] cmp=com.example.dogglers/.GridListActivity }, activity.getIntent()=Intent { act=android.intent.action.MAIN cat=[android.intent.category.LAUNCHER] flg=0x10000000 cmp=com.example.dogglers/androidx.test.core.app.InstrumentationActivityInvoker$EmptyActivity }, activity=androidx.test.core.app.InstrumentationActivityInvoker$EmptyActivity@b766383
06-09 15:31:21.669   546  2021 W InputManager-JNI: Input channel object '661d2c1 com.example.dogglers/androidx.test.core.app.InstrumentationActivityInvoker$EmptyActivity (client)' was disposed without first being removed with the input manager!
06-09 15:31:21.673 18737 18737 D LifecycleMonitor: Lifecycle status change: androidx.test.core.app.InstrumentationActivityInvoker$EmptyActivity@f206818 in: PAUSED
06-09 15:31:21.673 18737 18737 V ActivityScenario: Activity lifecycle changed event received but ignored because the intent does not match. startActivityIntent=Intent { act=android.intent.action.MAIN cat=[android.intent.category.LAUNCHER] cmp=com.example.dogglers/.GridListActivity }, activity.getIntent()=Intent { act=android.intent.action.MAIN cat=[android.intent.category.LAUNCHER] flg=0x10000000 cmp=com.example.dogglers/androidx.test.core.app.InstrumentationActivityInvoker$EmptyActivity }, activity=androidx.test.core.app.InstrumentationActivityInvoker$EmptyActivity@f206818
06-09 15:31:21.682 18737 18760 E TestRunner: failed: grid_list_content_at_first_position(com.example.dogglers.GridListTests)
06-09 15:31:21.683 18737 18760 E TestRunner: ----- begin exception -----
06-09 15:31:21.684 18737 18760 E TestRunner: androidx.test.espresso.NoMatchingViewException: No views in hierarchy found matching: an instance of android.widget.TextView and view.getText() with or without transformation to match: is "7"
06-09 15:31:21.684 18737 18760 E TestRunner:
06-09 15:31:21.684 18737 18760 E TestRunner: View Hierarchy:
06-09 15:31:21.684 18737 18760 E TestRunner: +>DecorView{id=-1, visibility=VISIBLE, width=1080, height=2340, has-focus=false, has-focusable=true, has-window-focus=true, is-clickable=false, is-enabled=true, is-focused=false, is-focusable=false, is-layout-requested=false, is-selected=false, layout-params={(0,0)(fillxfill) ty=BASE_APPLICATION wanim=0x10302fe
06-09 15:31:21.684 18737 18760 E TestRunner:   fl=LAYOUT_IN_SCREEN LAYOUT_INSET_DECOR SPLIT_TOUCH HARDWARE_ACCELERATED DRAWS_SYSTEM_BAR_BACKGROUNDS
06-09 15:31:21.684 18737 18760 E TestRunner:   pfl=NO_MOVE_ANIMATION FORCE_DRAW_STATUS_BAR_BACKGROUND FIT_INSETS_CONTROLLED
06-09 15:31:21.684 18737 18760 E TestRunner:   bhv=DEFAULT
06-09 15:31:21.684 18737 18760 E TestRunner:   fitSides=}, tag=null, root-is-layout-requested=false, has-input-connection=false, x=0.0, y=0.0, child-count=3}
06-09 15:31:21.684 18737 18760 E TestRunner: |
06-09 15:31:21.684 18737 18760 E TestRunner: +->LinearLayout{id=-1, visibility=VISIBLE, width=1080, height=2208, has-focus=false, has-focusable=true, has-window-focus=true, is-clickable=false, is-enabled=true, is-focused=false, is-focusable=false, is-layout-requested=false, is-selected=false, layout-params=android.widget.FrameLayout$LayoutParams@1065d86, tag=null, root-is-layout-requested=false, has-input-connection=false, x=0.0, y=0.0, child-count=2}
06-09 15:31:21.684 18737 18760 E TestRunner: |
06-09 15:31:21.684 18737 18760 E TestRunner: +-->ViewStub{id=16908720, res-name=action_mode_bar_stub, visibility=GONE, width=0, height=0, has-focus=false, has-focusable=false, has-window-focus=true, is-clickable=false, is-enabled=true, is-focused=false, is-focusable=false, is-layout-requested=true, is-selected=false, layout-params=android.widget.LinearLayout$LayoutParams@bd8d647, tag=null, root-is-layout-requested=false, has-input-connection=false, x=0.0, y=0.0}
06-09 15:31:21.684 18737 18760 E TestRunner: |
06-09 15:31:21.684 18737 18760 E TestRunner: +-->FrameLayout{id=-1, visibility=VISIBLE, width=1080, height=2063, has-focus=false, has-focusable=true, has-window-focus=true, is-clickable=false, is-enabled=true, is-focused=false, is-focusable=false, is-layout-requested=false, is-selected=false, layout-params=android.widget.LinearLayout$LayoutParams@7a0af9d, tag=null, root-is-layout-requested=false, has-input-connection=false, x=0.0, y=145.0, child-count=1}
06-09 15:31:21.684 18737 18760 E TestRunner: |
06-09 15:31:21.684 18737 18760 E TestRunner: +--->ActionBarOverlayLayout{id=2131230866, res-name=decor_content_parent, visibility=VISIBLE, width=1080, height=2063, has-focus=false, has-focusable=true, has-window-focus=true, is-clickable=false, is-enabled=true, is-focused=false, is-focusable=false, is-layout-requested=false, is-selected=false, layout-params=android.widget.FrameLayout$LayoutParams@c409de0, tag=null, root-is-layout-requested=false, has-input-connection=false, x=0.0, y=0.0, child-count=2}
06-09 15:31:21.684 18737 18760 E TestRunner: |
06-09 15:31:21.684 18737 18760 E TestRunner: +---->ContentFrameLayout{id=16908290, res-name=content, visibility=VISIBLE, width=1080, height=1909, has-focus=false, has-focusable=true, has-window-focus=true, is-clickable=false, is-enabled=true, is-focused=false, is-focusable=false, is-layout-requested=false, is-selected=false, layout-params=androidx.appcompat.widget.ActionBarOverlayLayout$LayoutParams@115975e, tag=null, root-is-layout-requested=false, has-input-connection=false, x=0.0, y=154.0, child-count=1}
06-09 15:31:21.684 18737 18760 E TestRunner: |
06-09 15:31:21.684 18737 18760 E TestRunner: +----->FrameLayout{id=-1, visibility=VISIBLE, width=1080, height=1909, has-focus=false, has-focusable=true, has-window-focus=true, is-clickable=false, is-enabled=true, is-focused=false, is-focusable=false, is-layout-requested=false, is-selected=false, layout-params=android.widget.FrameLayout$LayoutParams@841b80c, tag=null, root-is-layout-requested=false, has-input-connection=false, x=0.0, y=0.0, child-count=1}
06-09 15:31:21.684 18737 18760 E TestRunner: |
06-09 15:31:21.684 18737 18760 E TestRunner: +------>RecyclerView{id=2131230937, res-name=grid_recycler_view, visibility=VISIBLE, width=1080, height=1909, has-focus=false, has-focusable=true, has-window-focus=true, is-clickable=false, is-enabled=true, is-focused=false, is-focusable=true, is-layout-requested=false, is-selected=false, layout-params=android.widget.FrameLayout$LayoutParams@51ddf37, tag=null, root-is-layout-requested=false, has-input-connection=false, x=0.0, y=0.0, child-count=6}
06-09 15:31:21.684 18737 18760 E TestRunner: |
06-09 15:31:21.684 18737 18760 E TestRunner: +------->MaterialCardView{id=-1, visibility=VISIBLE, width=496, height=910, has-focus=false, has-focusable=false, has-window-focus=true, is-clickable=false, is-enabled=true, is-focused=false, is-focusable=false, is-layout-requested=false, is-selected=false, layout-params=androidx.recyclerview.widget.GridLayoutManager$LayoutParams@431ba0d, tag=null, root-is-layout-requested=false, has-input-connection=false, x=22.0, y=22.0, is-checked=false, child-count=1}
06-09 15:31:21.684 18737 18760 E TestRunner: |
06-09 15:31:21.684 18737 18760 E TestRunner: +-------->ConstraintLayout{id=-1, visibility=VISIBLE, width=496, height=858, has-focus=false, has-focusable=false, has-window-focus=true, is-clickable=false, is-enabled=true, is-focused=false, is-focusable=false, is-layout-requested=false, is-selected=false, layout-params=android.widget.FrameLayout$LayoutParams@b04940e, tag=null, root-is-layout-requested=false, has-input-connection=false, x=0.0, y=0.0, child-count=4}
06-09 15:31:21.684 18737 18760 E TestRunner: |
06-09 15:31:21.684 18737 18760 E TestRunner: +--------->AppCompatImageView{id=2131230885, res-name=dog_image, visibility=VISIBLE, width=496, height=534, has-focus=false, has-focusable=false, has-window-focus=true, is-clickable=false, is-enabled=true, is-focused=false, is-focusable=false, is-layout-requested=false, is-selected=false, layout-params=androidx.constraintlayout.widget.ConstraintLayout$LayoutParams@6e37e2f, tag=null, root-is-layout-requested=false, has-input-connection=false, x=0.0, y=0.0}
06-09 15:31:21.684 18737 18760 E TestRunner: |
06-09 15:31:21.684 18737 18760 E TestRunner: +--------->MaterialTextView{id=2131230886, res-name=dog_name, visibility=VISIBLE, width=213, height=118, has-focus=false, has-focusable=false, has-window-focus=true, is-clickable=false, is-enabled=true, is-focused=false, is-focusable=false, is-layout-requested=false, is-selected=false, layout-params=androidx.constraintlayout.widget.ConstraintLayout$LayoutParams@6a93c3c, tag=null, root-is-layout-requested=false, has-input-connection=false, x=0.0, y=534.0, text=Tzeitel, input-type=0, ime-target=false, has-links=false}
06-09 15:31:21.684 18737 18760 E TestRunner: |
06-09 15:31:21.684 18737 18760 E TestRunner: +--------->MaterialTextView{id=2131230883, res-name=dog_age, visibility=VISIBLE, width=177, height=103, has-focus=false, has-focusable=false, has-window-focus=true, is-clickable=false, is-enabled=true, is-focused=false, is-focusable=false, is-layout-requested=false, is-selected=false, layout-params=androidx.constraintlayout.widget.ConstraintLayout$LayoutParams@8d11dc5, tag=null, root-is-layout-requested=false, has-input-connection=false, x=0.0, y=652.0, text=Age: 7, input-type=0, ime-target=false, has-links=false}
06-09 15:31:21.684 18737 18760 E TestRunner: |
06-09 15:31:21.684 18737 18760 E TestRunner: +--------->MaterialTextView{id=2131230884, res-name=dog_hobbies, visibility=VISIBLE, width=474, height=103, has-focus=false, has-focusable=false, has-window-focus=true, is-clickable=false, is-enabled=true, is-focused=false, is-focusable=false, is-layout-requested=false, is-selected=false, layout-params=androidx.constraintlayout.widget.ConstraintLayout$LayoutParams@379e31a, tag=null, root-is-layout-requested=false, has-input-connection=false, x=0.0, y=755.0, text=Hobbies: sunbathing, input-type=0, ime-target=false, has-links=false}
06-09 15:31:21.684 18737 18760 E TestRunner: |
06-09 15:31:21.684 18737 18760 E TestRunner: +------->MaterialCardView{id=-1, visibility=VISIBLE, width=496, height=910, has-focus=false, has-focusable=false, has-window-focus=true, is-clickable=false, is-enabled=true, is-focused=false, is-focusable=false, is-layout-requested=false, is-selected=false, layout-params=androidx.recyclerview.widget.GridLayoutManager$LayoutParams@debe028, tag=null, root-is-layout-requested=false, has-input-connection=false, x=562.0, y=22.0, is-checked=false, child-count=1}
06-09 15:31:21.684 18737 18760 E TestRunner: |
06-09 15:31:21.684 18737 18760 E TestRunner: +-------->ConstraintLayout{id=-1, visibility=VISIBLE, width=496, height=910, has-focus=false, has-focusable=false, has-window-focus=true, is-clickable=false, is-enabled=true, is-focused=false, is-focusable=false, is-layout-requested=false, is-selected=false, layout-params=android.widget.FrameLayout$LayoutParams@712407d, tag=null, root-is-layout-requested=false, has-input-connection=false, x=0.0, y=0.0, child-count=4}
06-09 15:31:21.684 18737 18760 E TestRunner: |
06-09 15:31:21.684 18737 18760 E TestRunner: +--------->AppCompatImageView{id=2131230885, res-name=dog_image, visibility=VISIBLE, width=496, height=534, has-focus=false, has-focusable=false, has-window-focus=true, is-clickable=false, is-enabled=true, is-focused=false, is-focusable=false, is-layout-requested=false, is-selected=false, layout-params=androidx.constraintlayout.widget.ConstraintLayout$LayoutParams@19bb72, tag=null, root-is-layout-requested=false, has-input-connection=false, x=0.0, y=0.0}
06-09 15:31:21.684 18737 18760 E TestRunner: |
06-09 15:31:21.684 18737 18760 E TestRunner: +--------->MaterialTextView{id=2131230886, res-name=dog_name, visibility=VISIBLE, width=183, height=118, has-focus=false, has-focusable=false, has-window-focus=true, is-clickable=false, is-enabled=true, is-focused=false, is-focusable=false, is-layout-requested=false, is-selected=false, layout-params=androidx.constraintlayout.widget.ConstraintLayout$LayoutParams@e3dbbc3, tag=null, root-is-layout-requested=false, has-input-connection=false, x=0.0, y=534.0, text=Leroy, input-type=0, ime-target=false, has-links=false}
06-09 15:31:21.684 18737 18760 E TestRunner: |
06-09 15:31:21.684 18737 18760 E TestRunner: +--------->MaterialTextView{id=2131230883, res-name=dog_age, visibility=VISIBLE, width=177, height=103, has-focus=false, has-focusable=false, has-window-focus=true, is-clickable=false, is-enabled=true, is-focused=false, is-focusable=false, is-layout-requested=false, is-selected=false, layout-params=androidx.constraintlayout.widget.ConstraintLayout$LayoutParams@b508c40, tag=null, root-is-layout-requested=false, has-input-connection=false, x=0.0, y=652.0, text=Age: 4, input-type=0, ime-target=false, has-links=false}
06-09 15:31:21.684 18737 18760 E TestRunner: |
06-09 15:31:21.684 18737 18760 E TestRunner: +--------->MaterialTextView{id=2131230884, res-name=dog_hobbies, visibility=VISIBLE, width=496, height=155, has-focus=false, has-focusable=false, has-window-focus=true, is-clickable=false, is-enabled=true, is-focused=false, is-focusable=false, is-layout-requested=false, is-selected=false, layout-params=androidx.constraintlayout.widget.ConstraintLayout$LayoutParams@5876779, tag=null, root-is-layout-requested=false, has-input-connection=false, x=0.0, y=755.0, text=Hobbies: sleeping in dangerous places, input-type=0, ime-target=false, has-links=false}
06-09 15:31:21.684 18737 18760 E TestRunner: |
06-09 15:31:21.684 18737 18760 E TestRunner: +------->MaterialCardView{id=-1, visibility=VISIBLE, width=496, height=910, has-focus=false, has-focusable=false, has-window-focus=true, is-clickable=false, is-enabled=true, is-focused=false, is-focusable=false, is-layout-requested=false, is-selected=false, layout-params=androidx.recyclerview.widget.GridLayoutManager$LayoutParams@936511f, tag=null, root-is-layout-requested=false, has-input-connection=false, x=22.0, y=976.0, is-checked=false, child-count=1}
06-09 15:31:21.684 18737 18760 E TestRunner: |
06-09 15:31:21.684 18737 18760 E TestRunner: +-------->ConstraintLayout{id=-1, visibility=VISIBLE, width=496, height=910, has-focus=false, has-focusable=false, has-window-focus=true, is-clickable=false, is-enabled=true, is-focused=false, is-focusable=false, is-layout-requested=false, is-selected=false, layout-params=android.widget.FrameLayout$LayoutParams@feba358, tag=null, root-is-layout-requested=false, has-input-connection=false, x=0.0, y=0.0, child-count=4}
06-09 15:31:21.684 18737 18760 E TestRunner: |
06-09 15:31:21.684 18737 18760 E TestRunner: +--------->AppCompatImageView{id=2131230885, res-name=dog_image, visibility=VISIBLE, width=496, height=534, has-focus=false, has-focusable=false, has-window-focus=true, is-clickable=false, is-enabled=true, is-focused=false, is-focusable=false, is-layout-requested=false, is-selected=false, layout-params=androidx.constraintlayout.widget.ConstraintLayout$LayoutParams@1298cb1, tag=null, root-is-layout-requested=false, has-input-connection=false, x=0.0, y=0.0}
06-09 15:31:21.684 18737 18760 E TestRunner: |
06-09 15:31:21.684 18737 18760 E TestRunner: +--------->MaterialTextView{id=2131230886, res-name=dog_name, visibility=VISIBLE, width=230, height=118, has-focus=false, has-focusable=false, has-window-focus=true, is-clickable=false, is-enabled=true, is-focused=false, is-focusable=false, is-layout-requested=false, is-selected=false, layout-params=androidx.constraintlayout.widget.ConstraintLayout$LayoutParams@9750596, tag=null, root-is-layout-requested=false, has-input-connection=false, x=0.0, y=534.0, text=Frankie, input-type=0, ime-target=false, has-links=false}
06-09 15:31:21.684 18737 18760 E TestRunner: |
06-09 15:31:21.684 18737 18760 E TestRunner: +--------->MaterialTextView{id=2131230883, res-name=dog_age, visibility=VISIBLE, width=177, height=103, has-focus=false, has-focusable=false, has-window-focus=true, is-clickable=false, is-enabled=true, is-focused=false, is-focusable=false, is-layout-requested=false, is-selected=false, layout-params=androidx.constraintlayout.widget.ConstraintLayout$LayoutParams@68b4517, tag=null, root-is-layout-requested=false, has-input-connection=false, x=0.0, y=652.0, text=Age: 2, input-type=0, ime-target=false, has-links=false}
06-09 15:31:21.684 18737 18760 E TestRunner: |
06-09 15:31:21.684 18737 18760 E TestRunner: +--------->MaterialTextView{id=2131230884, res-name=dog_hobbies, visibility=VISIBLE, width=496, height=155, has-focus=false, has-focusable=false, has-window-focus=true, is-clickable=false, is-enabled=true, is-focused=false, is-focusable=false, is-layout-requested=false, is-selected=false, layout-params=androidx.constraintlayout.widget.ConstraintLayout$LayoutParams@f239d04, tag=null, root-is-layout-requested=false, has-input-connection=false, x=0.0, y=755.0, text=Hobbies: stealing socks, input-type=0, ime-target=false, has-links=false}
06-09 15:31:21.684 18737 18760 E TestRunner: |
06-09 15:31:21.684 18737 18760 E TestRunner: +------->MaterialCardView{id=-1, visibility=VISIBLE, width=496, height=910, has-focus=false, has-focusable=false, has-window-focus=true, is-clickable=false, is-enabled=true, is-focused=false, is-focusable=false, is-layout-requested=false, is-selected=false, layout-params=androidx.recyclerview.widget.GridLayoutManager$LayoutParams@a73e522, tag=null, root-is-layout-requested=false, has-input-connection=false, x=562.0, y=976.0, is-checked=false, child-count=1}
06-09 15:31:21.684 18737 18760 E TestRunner: |
06-09 15:31:21.684 18737 18760 E TestRunner: +-------->ConstraintLayout{id=-1, visibility=VISIBLE, width=496, height=910, has-focus=false, has-focusable=false, has-window-focus=true, is-clickable=false, is-enabled=true, is-focused=false, is-focusable=false, is-layout-requested=false, is-selected=false, layout-params=android.widget.FrameLayout$LayoutParams@41bc00f, tag=null, root-is-layout-requested=false, has-input-connection=false, x=0.0, y=0.0, child-count=4}
06-09 15:31:21.684 18737 18760 E TestRunner: |
06-09 15:31:21.684 18737 18760 E TestRunner: +--------->AppCompatImageView{id=2131230885, res-name=dog_image, visibility=VISIBLE, width=496, height=534, has-focus=false, has-focusable=false, has-window-focus=true, is-clickable=false, is-enabled=true, is-focused=false, is-focusable=false, is-layout-requested=false, is-selected=false, layout-params=androidx.constraintlayout.widget.ConstraintLayout$LayoutParams@eef889c, tag=null, root-is-layout-requested=false, has-input-connection=false, x=0.0, y=0.0}
06-09 15:31:21.684 18737 18760 E TestRunner: |
06-09 15:31:21.684 18737 18760 E TestRunner: +--------->MaterialTextView{id=2131230886, res-name=dog_name, visibility=VISIBLE, width=144, height=118, has-focus=false, has-focusable=false, has-window-focus=true, is-clickable=false, is-enabled=true, is-focused=false, is-focusable=false, is-layout-requested=false, is-selected=false, layout-params=androidx.constraintlayout.widget.ConstraintLayout$LayoutParams@c44e2a5, tag=null, root-is-layout-requested=false, has-input-connection=false, x=0.0, y=534.0, text=Nox, input-type=0, ime-target=false, has-links=false}
06-09 15:31:21.684 18737 18760 E TestRunner: |
06-09 15:31:21.684 18737 18760 E TestRunner: +--------->MaterialTextView{id=2131230883, res-name=dog_age, visibility=VISIBLE, width=177, height=103, has-focus=false, has-focusable=false, has-window-focus=true, is-clickable=false, is-enabled=true, is-focused=false, is-focusable=false, is-layout-requested=false, is-selected=false, layout-params=androidx.constraintlayout.widget.ConstraintLayout$LayoutParams@700f67a, tag=null, root-is-layout-requested=false, has-input-connection=false, x=0.0, y=652.0, text=Age: 8, input-type=0, ime-target=false, has-links=false}
06-09 15:31:21.684 18737 18760 E TestRunner: |
06-09 15:31:21.684 18737 18760 E TestRunner: +--------->MaterialTextView{id=2131230884, res-name=dog_hobbies, visibility=VISIBLE, width=496, height=155, has-focus=false, has-focusable=false, has-window-focus=true, is-clickable=false, is-enabled=true, is-focused=false, is-focusable=false, is-layout-requested=false, is-selected=false, layout-params=androidx.constraintlayout.widget.ConstraintLayout$LayoutParams@2de4e2b, tag=null, root-is-layout-requested=false, has-input-connection=false, x=0.0, y=755.0, text=Hobbies: meeting new animals, input-type=0, ime-target=false, has-links=false}
06-09 15:31:21.684 18737 18760 E TestRunner: |
06-09 15:31:21.685 18737 18760 E TestRunner: +------->MaterialCardView{id=-1, visibility=VISIBLE, width=496, height=910, has-focus=false, has-focusable=false, has-window-focus=true, is-clickable=false, is-enabled=true, is-focused=false, is-focusable=false, is-layout-requested=false, is-selected=false, layout-params=androidx.recyclerview.widget.GridLayoutManager$LayoutParams@9460421, tag=null, root-is-layout-requested=false, has-input-connection=false, x=22.0, y=1930.0, is-checked=false, child-count=1}
06-09 15:31:21.685 18737 18760 E TestRunner: |
06-09 15:31:21.685 18737 18760 E TestRunner: +-------->ConstraintLayout{id=-1, visibility=VISIBLE, width=496, height=910, has-focus=false, has-focusable=false, has-window-focus=true, is-clickable=false, is-enabled=true, is-focused=false, is-focusable=false, is-layout-requested=false, is-selected=false, layout-params=android.widget.FrameLayout$LayoutParams@843dad2, tag=null, root-is-layout-requested=false, has-input-connection=false, x=0.0, y=0.0, child-count=4}
06-09 15:31:21.685 18737 18760 E TestRunner: |
06-09 15:31:21.685 18737 18760 E TestRunner: +--------->AppCompatImageView{id=2131230885, res-name=dog_image, visibility=VISIBLE, width=496, height=534, has-focus=false, has-focusable=false, has-window-focus=true, is-clickable=false, is-enabled=true, is-focused=false, is-focusable=false, is-layout-requested=false, is-selected=false, layout-params=androidx.constraintlayout.widget.ConstraintLayout$LayoutParams@1fc57a3, tag=null, root-is-layout-requested=false, has-input-connection=false, x=0.0, y=0.0}
06-09 15:31:21.685 18737 18760 E TestRunner: |
06-09 15:31:21.685 18737 18760 E TestRunner: +--------->MaterialTextView{id=2131230886, res-name=dog_name, visibility=VISIBLE, width=162, height=118, has-focus=false, has-focusable=false, has-window-focus=true, is-clickable=false, is-enabled=true, is-focused=false, is-focusable=false, is-layout-requested=false, is-selected=false, layout-params=androidx.constraintlayout.widget.ConstraintLayout$LayoutParams@6372aa0, tag=null, root-is-layout-requested=false, has-input-connection=false, x=0.0, y=534.0, text=Faye, input-type=0, ime-target=false, has-links=false}
06-09 15:31:21.685 18737 18760 E TestRunner: |
06-09 15:31:21.685 18737 18760 E TestRunner: +--------->MaterialTextView{id=2131230883, res-name=dog_age, visibility=VISIBLE, width=177, height=103, has-focus=false, has-focusable=false, has-window-focus=true, is-clickable=false, is-enabled=true, is-focused=false, is-focusable=false, is-layout-requested=false, is-selected=false, layout-params=androidx.constraintlayout.widget.ConstraintLayout$LayoutParams@c3a1659, tag=null, root-is-layout-requested=false, has-input-connection=false, x=0.0, y=652.0, text=Age: 8, input-type=0, ime-target=false, has-links=false}
06-09 15:31:21.685 18737 18760 E TestRunner: |
06-09 15:31:21.685 18737 18760 E TestRunner: +--------->MaterialTextView{id=2131230884, res-name=dog_hobbies, visibility=VISIBLE, width=496, height=155, has-focus=false, has-focusable=false, has-window-focus=true, is-clickable=false, is-enabled=true, is-focused=false, is-focusable=false, is-layout-requested=false, is-selected=false, layout-params=androidx.constraintlayout.widget.ConstraintLayout$LayoutParams@960d21e, tag=null, root-is-layout-requested=false, has-input-connection=false, x=0.0, y=755.0, text=Hobbies: Digging in the garden, input-type=0, ime-target=false, has-links=false}
06-09 15:31:21.685 18737 18760 E TestRunner: |
06-09 15:31:21.685 18737 18760 E TestRunner: +------->MaterialCardView{id=-1, visibility=VISIBLE, width=496, height=910, has-focus=false, has-focusable=false, has-window-focus=true, is-clickable=false, is-enabled=true, is-focused=false, is-focusable=false, is-layout-requested=false, is-selected=false, layout-params=androidx.recyclerview.widget.GridLayoutManager$LayoutParams@df450cc, tag=null, root-is-layout-requested=false, has-input-connection=false, x=562.0, y=1930.0, is-checked=false, child-count=1}
06-09 15:31:21.685 18737 18760 E TestRunner: |
06-09 15:31:21.685 18737 18760 E TestRunner: +-------->ConstraintLayout{id=-1, visibility=VISIBLE, width=496, height=910, has-focus=false, has-focusable=false, has-window-focus=true, is-clickable=false, is-enabled=true, is-focused=false, is-focusable=false, is-layout-requested=false, is-selected=false, layout-params=android.widget.FrameLayout$LayoutParams@be73791, tag=null, root-is-layout-requested=false, has-input-connection=false, x=0.0, y=0.0, child-count=4}
06-09 15:31:21.685 18737 18760 E TestRunner: |
06-09 15:31:21.685 18737 18760 E TestRunner: +--------->AppCompatImageView{id=2131230885, res-name=dog_image, visibility=VISIBLE, width=496, height=534, has-focus=false, has-focusable=false, has-window-focus=true, is-clickable=false, is-enabled=true, is-focused=false, is-focusable=false, is-layout-requested=false, is-selected=false, layout-params=androidx.constraintlayout.widget.ConstraintLayout$LayoutParams@f8706f6, tag=null, root-is-layout-requested=false, has-input-connection=false, x=0.0, y=0.0}
06-09 15:31:21.685 18737 18760 E TestRunner: |
06-09 15:31:21.685 18737 18760 E TestRunner: +--------->MaterialTextView{id=2131230886, res-name=dog_name, visibility=VISIBLE, width=170, height=118, has-focus=false, has-focusable=false, has-window-focus=true, is-clickable=false, is-enabled=true, is-focused=false, is-focusable=false, is-layout-requested=false, is-selected=false, layout-params=androidx.constraintlayout.widget.ConstraintLayout$LayoutParams@8e11af7, tag=null, root-is-layout-requested=false, has-input-connection=false, x=0.0, y=534.0, text=Bella, input-type=0, ime-target=false, has-links=false}
06-09 15:31:21.685 18737 18760 E TestRunner: |
06-09 15:31:21.685 18737 18760 E TestRunner: +--------->MaterialTextView{id=2131230883, res-name=dog_age, visibility=VISIBLE, width=203, height=103, has-focus=false, has-focusable=false, has-window-focus=true, is-clickable=false, is-enabled=true, is-focused=false, is-focusable=false, is-layout-requested=false, is-selected=false, layout-params=androidx.constraintlayout.widget.ConstraintLayout$LayoutParams@19ed64, tag=null, root-is-layout-requested=false, has-input-connection=false, x=0.0, y=652.0, text=Age: 14, input-type=0, ime-target=false, has-links=false}
06-09 15:31:21.685 18737 18760 E TestRunner: |
06-09 15:31:21.685 18737 18760 E TestRunner: +--------->MaterialTextView{id=2131230884, res-name=dog_hobbies, visibility=VISIBLE, width=496, height=155, has-focus=false, has-focusable=false, has-window-focus=true, is-clickable=false, is-enabled=true, is-focused=false, is-focusable=false, is-layout-requested=false, is-selected=false, layout-params=androidx.constraintlayout.widget.ConstraintLayout$LayoutParams@b6bbcd, tag=null, root-is-layout-requested=false, has-input-connection=false, x=0.0, y=755.0, text=Hobbies: Chasing sea foam, input-type=0, ime-target=false, has-links=false}
06-09 15:31:21.685 18737 18760 E TestRunner: |
06-09 15:31:21.685 18737 18760 E TestRunner: +---->ActionBarContainer{id=2131230774, res-name=action_bar_container, visibility=VISIBLE, width=1080, height=154, has-focus=false, has-focusable=false, has-window-focus=true, is-clickable=false, is-enabled=true, is-focused=false, is-focusable=false, is-layout-requested=false, is-selected=false, layout-params=androidx.appcompat.widget.ActionBarOverlayLayout$LayoutParams@d3a7bd0, tag=null, root-is-layout-requested=false, has-input-connection=false, x=0.0, y=0.0, child-count=2}
06-09 15:31:21.685 18737 18760 E TestRunner: |
06-09 15:31:21.685 18737 18760 E TestRunner: +----->Toolbar{id=2131230772, res-name=action_bar, visibility=VISIBLE, width=1080, height=154, has-focus=false, has-focusable=false, has-window-focus=true, is-clickable=false, is-enabled=true, is-focused=false, is-focusable=false, is-layout-requested=false, is-selected=false, layout-params=android.widget.FrameLayout$LayoutParams@19384fc, tag=null, root-is-layout-requested=false, has-input-connection=false, x=0.0, y=0.0, child-count=3}
06-09 15:31:21.685 18737 18760 E TestRunner: |
06-09 15:31:21.685 18737 18760 E TestRunner: +------>AppCompatTextView{id=-1, visibility=VISIBLE, width=225, height=74, has-focus=false, has-focusable=false, has-window-focus=true, is-clickable=false, is-enabled=true, is-focused=false, is-focusable=false, is-layout-requested=false, is-selected=false, layout-params=androidx.appcompat.widget.Toolbar$LayoutParams@53c9785, tag=null, root-is-layout-requested=false, has-input-connection=false, x=198.0, y=40.0, text=Dogglers, input-type=0, ime-target=false, has-links=false}
06-09 15:31:21.685 18737 18760 E TestRunner: |
06-09 15:31:21.685 18737 18760 E TestRunner: +------>AppCompatImageButton{id=-1, desc=Navigate up, visibility=VISIBLE, width=154, height=154, has-focus=false, has-focusable=false, has-window-focus=true, is-clickable=true, is-enabled=true, is-focused=false, is-focusable=true, is-layout-requested=false, is-selected=false, layout-params=androidx.appcompat.widget.Toolbar$LayoutParams@6d539da, tag=null, root-is-layout-requested=false, has-input-connection=false, x=0.0, y=0.0}
06-09 15:31:21.685 18737 18760 E TestRunner: |
