06-09 15:31:18.583 18737 18760 I TestRunner: started: vertical_scrolling(com.example.dogglers.GridListTests)
06-09 15:31:18.588 18737 18760 W Settings: Setting always_finish_activities has moved from android.provider.Settings.System to android.provider.Settings.Global, returning read-only value.
06-09 15:31:18.606   739   830 D SplashScreenView: Build android.window.SplashScreenView{d9c01cf V.E...... ......ID 0,0-0,0}
06-09 15:31:18.606   739   830 D SplashScreenView: Icon: view: null drawable: null size: 0
06-09 15:31:18.606   739   830 D SplashScreenView: Branding: view: android.view.View{914075c G.ED..... ......I. 0,0-0,0 #10204a6 android:id/splashscreen_branding_view} drawable: null size w: 0 h: 0
06-09 15:31:18.624 18737 18737 D LifecycleMonitor: Lifecycle status change: androidx.test.core.app.InstrumentationActivityInvoker$BootstrapActivity@74f6764 in: PRE_ON_CREATE
06-09 15:31:18.624 18737 18737 V ActivityScenario: Activity lifecycle changed event received but ignored because the intent does not match. startActivityIntent=Intent { act=android.intent.action.MAIN cat=[android.intent.category.LAUNCHER] cmp=com.example.dogglers/.GridListActivity }, activity.getIntent()=Intent { act=android.intent.action.MAIN cat=[android.intent.category.LAUNCHER] flg=0x10008000 cmp=com.example.dogglers/androidx.test.core.app.InstrumentationActivityInvoker$BootstrapActivity (has extras) }, activity=androidx.test.core.app.InstrumentationActivityInvoker$BootstrapActivity@74f6764
06-09 15:31:18.631 18737 18737 D LifecycleMonitor: Lifecycle status change: androidx.test.core.app.InstrumentationActivityInvoker$BootstrapActivity@74f6764 in: CREATED
06-09 15:31:18.631 18737 18737 V ActivityScenario: Activity lifecycle changed event received but ignored because the intent does not match. startActivityIntent=Intent { act=android.intent.action.MAIN cat=[android.intent.category.LAUNCHER] cmp=com.example.dogglers/.GridListActivity }, activity.getIntent()=Intent { act=android.intent.action.MAIN cat=[android.intent.category.LAUNCHER] flg=0x10008000 cmp=com.example.dogglers/androidx.test.core.app.InstrumentationActivityInvoker$BootstrapActivity (has extras) }, activity=androidx.test.core.app.InstrumentationActivityInvoker$BootstrapActivity@74f6764
06-09 15:31:18.633   347   408 D goldfish-address-space: claimShared: Ask to claim region [0x3ed348000 0x3edcec000]
06-09 15:31:18.633 18737 18737 D LifecycleMonitor: Lifecycle status change: androidx.test.core.app.InstrumentationActivityInvoker$BootstrapActivity@74f6764 in: STARTED
06-09 15:31:18.634 18737 18737 V ActivityScenario: Activity lifecycle changed event received but ignored because the intent does not match. startActivityIntent=Intent { act=android.intent.action.MAIN cat=[android.intent.category.LAUNCHER] cmp=com.example.dogglers/.GridListActivity }, activity.getIntent()=Intent { act=android.intent.action.MAIN cat=[android.intent.category.LAUNCHER] flg=0x10008000 cmp=com.example.dogglers/androidx.test.core.app.InstrumentationActivityInvoker$BootstrapActivity (has extras) }, activity=androidx.test.core.app.InstrumentationActivityInvoker$BootstrapActivity@74f6764
06-09 15:31:18.638   347   408 D goldfish-address-space: claimShared: Ask to claim region [0x3f0000000 0x3f09a4000]
06-09 15:31:18.640   347   408 D goldfish-address-space: claimShared: Ask to claim region [0x3f1cec000 0x3f2690000]
06-09 15:31:18.641 18737 18737 D LifecycleMonitor: Lifecycle status change: androidx.test.core.app.InstrumentationActivityInvoker$BootstrapActivity@74f6764 in: RESUMED
06-09 15:31:18.641 18737 18737 V ActivityScenario: Activity lifecycle changed event received but ignored because the intent does not match. startActivityIntent=Intent { act=android.intent.action.MAIN cat=[android.intent.category.LAUNCHER] cmp=com.example.dogglers/.GridListActivity }, activity.getIntent()=Intent { act=android.intent.action.MAIN cat=[android.intent.category.LAUNCHER] flg=0x10008000 cmp=com.example.dogglers/androidx.test.core.app.InstrumentationActivityInvoker$BootstrapActivity (has extras) }, activity=androidx.test.core.app.InstrumentationActivityInvoker$BootstrapActivity@74f6764
06-09 15:31:18.649 18737 18737 D LifecycleMonitor: Lifecycle status change: androidx.test.core.app.InstrumentationActivityInvoker$BootstrapActivity@74f6764 in: PAUSED
06-09 15:31:18.650 18737 18737 V ActivityScenario: Activity lifecycle changed event received but ignored because the intent does not match. startActivityIntent=Intent { act=android.intent.action.MAIN cat=[android.intent.category.LAUNCHER] cmp=com.example.dogglers/.GridListActivity }, activity.getIntent()=Intent { act=android.intent.action.MAIN cat=[android.intent.category.LAUNCHER] flg=0x10008000 cmp=com.example.dogglers/androidx.test.core.app.InstrumentationActivityInvoker$BootstrapActivity (has extras) }, activity=androidx.test.core.app.InstrumentationActivityInvoker$BootstrapActivity@74f6764
06-09 15:31:18.667 18737 18737 D LifecycleMonitor: Lifecycle status change: com.example.dogglers.GridListActivity@6da8ce in: PRE_ON_CREATE
06-09 15:31:18.667 18737 18737 V ActivityScenario: Activity lifecycle changed event received but ignored because the reported transition was not ON_CREATE while the last known transition was PRE_ON_CREATE
06-09 15:31:18.668  1606  1606 I A       : onApplyWindowInsets: systemWindowInsets=Insets{left=0, top=145, right=0, bottom=132}
06-09 15:31:18.668  1606  1606 I A       : onApplyWindowInsets: Adjusting for display cutouts. Safe insets: left=0, top=136, right=0, bottom=0
06-09 15:31:18.669  1606  1606 I A       : onApplyWindowInsets: systemWindowInsets=Insets{left=0, top=145, right=0, bottom=132}
06-09 15:31:18.689 18737 18737 D LifecycleMonitor: Lifecycle status change: com.example.dogglers.GridListActivity@6da8ce in: CREATED
06-09 15:31:18.692 18737 18737 V ActivityScenario: Update currentActivityStage to CREATED, currentActivity=com.example.dogglers.GridListActivity@6da8ce
06-09 15:31:18.695 18737 18737 D LifecycleMonitor: Lifecycle status change: com.example.dogglers.GridListActivity@6da8ce in: STARTED
06-09 15:31:18.695 18737 18737 V ActivityScenario: Update currentActivityStage to STARTED, currentActivity=com.example.dogglers.GridListActivity@6da8ce
06-09 15:31:18.696 18737 18737 D LifecycleMonitor: Lifecycle status change: com.example.dogglers.GridListActivity@6da8ce in: RESUMED
06-09 15:31:18.697 18737 18737 V ActivityScenario: Update currentActivityStage to RESUMED, currentActivity=com.example.dogglers.GridListActivity@6da8ce
06-09 15:31:18.700  1377  1377 I GsaVoiceInteractionSrv: Handling ACTION_STOP_HOTWORD
06-09 15:31:18.701  1377  1377 E HwDetectorWithState: a: 3
06-09 15:31:18.714   347   408 D goldfish-address-space: claimShared: Ask to claim region [0x3ec000000 0x3ec9a4000]
06-09 15:31:18.719   347   408 D goldfish-address-space: claimShared: Ask to claim region [0x3ef2e8000 0x3efc8c000]
06-09 15:31:18.721   347   408 D goldfish-address-space: claimShared: Ask to claim region [0x3f1348000 0x3f1cec000]
06-09 15:31:18.796 18737 18737 D RootViewPicker: Root not ready - waiting: 10ms for one to appear.
06-09 15:31:18.811  1303  1303 I GoogleInputMethodService: GoogleInputMethodService.onFinishInput():3420
06-09 15:31:18.812  1303  1303 I GoogleInputMethodService: GoogleInputMethodService.onStartInput():2002
06-09 15:31:18.813  1303  1303 I DeviceUnlockedTag: DeviceUnlockedTag.notifyDeviceLockStatusChanged():31 Notify device unlocked.
06-09 15:31:18.877 18737 18737 I ViewInteraction: Performing 'fast swipe' action on view view.getId() is <2131230937/com.example.dogglers:id/grid_recycler_view>
06-09 15:31:19.010 18737 18737 D CompatibilityChangeReporter: Compat change id reported: 171228096; UID 10155; state: ENABLED
06-09 15:31:19.112 18737 18737 D LifecycleMonitor: Lifecycle status change: androidx.test.core.app.InstrumentationActivityInvoker$BootstrapActivity@74f6764 in: STOPPED
06-09 15:31:19.112 18737 18737 V ActivityScenario: Activity lifecycle changed event received but ignored because the intent does not match. startActivityIntent=Intent { act=android.intent.action.MAIN cat=[android.intent.category.LAUNCHER] cmp=com.example.dogglers/.GridListActivity }, activity.getIntent()=Intent { act=android.intent.action.MAIN cat=[android.intent.category.LAUNCHER] flg=0x10008000 cmp=com.example.dogglers/androidx.test.core.app.InstrumentationActivityInvoker$BootstrapActivity (has extras) }, activity=androidx.test.core.app.InstrumentationActivityInvoker$BootstrapActivity@74f6764
06-09 15:31:19.148   546   932 W InputManager-JNI: Input channel object '3f94fe8 Splash Screen com.example.dogglers (client)' was disposed without first being removed with the input manager!
06-09 15:31:19.410 18737 18737 I ViewInteraction: Checking 'MatchesViewAssertion{viewMatcher=(view has effective visibility <VISIBLE> and view.getGlobalVisibleRect() to return non-empty rectangle)}' assertion on view an instance of android.widget.TextView and view.getText() with or without transformation to match: is "Bella"
06-09 15:31:19.443   739   836 D EGL_emulation: app_time_stats: avg=10.11ms min=0.99ms max=165.77ms count=30
06-09 15:31:19.452 18737 18737 D LifecycleMonitor: Lifecycle status change: com.example.dogglers.GridListActivity@6da8ce in: PAUSED
06-09 15:31:19.452 18737 18737 V ActivityScenario: Update currentActivityStage to PAUSED, currentActivity=com.example.dogglers.GridListActivity@6da8ce
06-09 15:31:19.460 18737 18737 D LifecycleMonitor: Lifecycle status change: androidx.test.core.app.InstrumentationActivityInvoker$EmptyActivity@6666402 in: PRE_ON_CREATE
06-09 15:31:19.461 18737 18737 V ActivityScenario: Activity lifecycle changed event received but ignored because the intent does not match. startActivityIntent=Intent { act=android.intent.action.MAIN cat=[android.intent.category.LAUNCHER] cmp=com.example.dogglers/.GridListActivity }, activity.getIntent()=Intent { act=android.intent.action.MAIN cat=[android.intent.category.LAUNCHER] flg=0x10000000 cmp=com.example.dogglers/androidx.test.core.app.InstrumentationActivityInvoker$EmptyActivity }, activity=androidx.test.core.app.InstrumentationActivityInvoker$EmptyActivity@6666402
06-09 15:31:19.466 18737 18737 D LifecycleMonitor: Lifecycle status change: androidx.test.core.app.InstrumentationActivityInvoker$EmptyActivity@6666402 in: CREATED
06-09 15:31:19.466 18737 18737 V ActivityScenario: Activity lifecycle changed event received but ignored because the intent does not match. startActivityIntent=Intent { act=android.intent.action.MAIN cat=[android.intent.category.LAUNCHER] cmp=com.example.dogglers/.GridListActivity }, activity.getIntent()=Intent { act=android.intent.action.MAIN cat=[android.intent.category.LAUNCHER] flg=0x10000000 cmp=com.example.dogglers/androidx.test.core.app.InstrumentationActivityInvoker$EmptyActivity }, activity=androidx.test.core.app.InstrumentationActivityInvoker$EmptyActivity@6666402
06-09 15:31:19.468 18737 18737 D LifecycleMonitor: Lifecycle status change: androidx.test.core.app.InstrumentationActivityInvoker$EmptyActivity@6666402 in: STARTED
06-09 15:31:19.468 18737 18737 V ActivityScenario: Activity lifecycle changed event received but ignored because the intent does not match. startActivityIntent=Intent { act=android.intent.action.MAIN cat=[android.intent.category.LAUNCHER] cmp=com.example.dogglers/.GridListActivity }, activity.getIntent()=Intent { act=android.intent.action.MAIN cat=[android.intent.category.LAUNCHER] flg=0x10000000 cmp=com.example.dogglers/androidx.test.core.app.InstrumentationActivityInvoker$EmptyActivity }, activity=androidx.test.core.app.InstrumentationActivityInvoker$EmptyActivity@6666402
06-09 15:31:19.470 18737 18737 D LifecycleMonitor: Lifecycle status change: androidx.test.core.app.InstrumentationActivityInvoker$EmptyActivity@6666402 in: RESUMED
06-09 15:31:19.470 18737 18737 V ActivityScenario: Activity lifecycle changed event received but ignored because the intent does not match. startActivityIntent=Intent { act=android.intent.action.MAIN cat=[android.intent.category.LAUNCHER] cmp=com.example.dogglers/.GridListActivity }, activity.getIntent()=Intent { act=android.intent.action.MAIN cat=[android.intent.category.LAUNCHER] flg=0x10000000 cmp=com.example.dogglers/androidx.test.core.app.InstrumentationActivityInvoker$EmptyActivity }, activity=androidx.test.core.app.InstrumentationActivityInvoker$EmptyActivity@6666402
06-09 15:31:19.496   347   408 D goldfish-address-space: claimShared: Ask to claim region [0x3ec9a4000 0x3ed348000]
06-09 15:31:19.501   347   408 D goldfish-address-space: claimShared: Ask to claim region [0x3ed348000 0x3edcec000]
06-09 15:31:19.502   347   408 D goldfish-address-space: claimShared: Ask to claim region [0x3edcec000 0x3ee690000]
06-09 15:31:19.511   546   571 I ActivityTaskManager: Displayed com.example.dogglers/androidx.test.core.app.InstrumentationActivityInvoker$EmptyActivity: +915ms
06-09 15:31:19.528 18737 18737 D LifecycleMonitor: Lifecycle status change: com.example.dogglers.GridListActivity@6da8ce in: STOPPED
06-09 15:31:19.528 18737 18737 V ActivityScenario: Update currentActivityStage to STOPPED, currentActivity=com.example.dogglers.GridListActivity@6da8ce
06-09 15:31:19.531 18737 18737 D LifecycleMonitor: Lifecycle status change: com.example.dogglers.GridListActivity@6da8ce in: DESTROYED
06-09 15:31:19.532 18737 18737 V ActivityScenario: Update currentActivityStage to DESTROYED, currentActivity=null
06-09 15:31:19.536   546  3262 W InputManager-JNI: Input channel object 'e318b65 com.example.dogglers/com.example.dogglers.GridListActivity (client)' was disposed without first being removed with the input manager!
06-09 15:31:19.545 18737 18737 D LifecycleMonitor: Lifecycle status change: androidx.test.core.app.InstrumentationActivityInvoker$EmptyActivity@6666402 in: PAUSED
06-09 15:31:19.546 18737 18737 V ActivityScenario: Activity lifecycle changed event received but ignored because the intent does not match. startActivityIntent=Intent { act=android.intent.action.MAIN cat=[android.intent.category.LAUNCHER] cmp=com.example.dogglers/.GridListActivity }, activity.getIntent()=Intent { act=android.intent.action.MAIN cat=[android.intent.category.LAUNCHER] flg=0x10000000 cmp=com.example.dogglers/androidx.test.core.app.InstrumentationActivityInvoker$EmptyActivity }, activity=androidx.test.core.app.InstrumentationActivityInvoker$EmptyActivity@6666402
06-09 15:31:19.553 18737 18737 D LifecycleMonitor: Lifecycle status change: androidx.test.core.app.InstrumentationActivityInvoker$BootstrapActivity@74f6764 in: DESTROYED
06-09 15:31:19.554 18737 18737 V ActivityScenario: Activity lifecycle changed event received but ignored because the intent does not match. startActivityIntent=Intent { act=android.intent.action.MAIN cat=[android.intent.category.LAUNCHER] cmp=com.example.dogglers/.GridListActivity }, activity.getIntent()=Intent { act=android.intent.action.MAIN cat=[android.intent.category.LAUNCHER] flg=0x10008000 cmp=com.example.dogglers/androidx.test.core.app.InstrumentationActivityInvoker$BootstrapActivity (has extras) }, activity=androidx.test.core.app.InstrumentationActivityInvoker$BootstrapActivity@74f6764
06-09 15:31:19.558 18737 18737 D LifecycleMonitor: Lifecycle status change: androidx.test.core.app.InstrumentationActivityInvoker$EmptyActivity@8cc6481 in: PRE_ON_CREATE
06-09 15:31:19.559 18737 18737 V ActivityScenario: Activity lifecycle changed event received but ignored because the intent does not match. startActivityIntent=Intent { act=android.intent.action.MAIN cat=[android.intent.category.LAUNCHER] cmp=com.example.dogglers/.GridListActivity }, activity.getIntent()=Intent { act=android.intent.action.MAIN cat=[android.intent.category.LAUNCHER] flg=0x10000000 cmp=com.example.dogglers/androidx.test.core.app.InstrumentationActivityInvoker$EmptyActivity }, activity=androidx.test.core.app.InstrumentationActivityInvoker$EmptyActivity@8cc6481
06-09 15:31:19.564 18737 18737 D LifecycleMonitor: Lifecycle status change: androidx.test.core.app.InstrumentationActivityInvoker$EmptyActivity@8cc6481 in: CREATED
06-09 15:31:19.565 18737 18737 V ActivityScenario: Activity lifecycle changed event received but ignored because the intent does not match. startActivityIntent=Intent { act=android.intent.action.MAIN cat=[android.intent.category.LAUNCHER] cmp=com.example.dogglers/.GridListActivity }, activity.getIntent()=Intent { act=android.intent.action.MAIN cat=[android.intent.category.LAUNCHER] flg=0x10000000 cmp=com.example.dogglers/androidx.test.core.app.InstrumentationActivityInvoker$EmptyActivity }, activity=androidx.test.core.app.InstrumentationActivityInvoker$EmptyActivity@8cc6481
06-09 15:31:19.568 18737 18737 D LifecycleMonitor: Lifecycle status change: androidx.test.core.app.InstrumentationActivityInvoker$EmptyActivity@8cc6481 in: STARTED
06-09 15:31:19.568 18737 18737 V ActivityScenario: Activity lifecycle changed event received but ignored because the intent does not match. startActivityIntent=Intent { act=android.intent.action.MAIN cat=[android.intent.category.LAUNCHER] cmp=com.example.dogglers/.GridListActivity }, activity.getIntent()=Intent { act=android.intent.action.MAIN cat=[android.intent.category.LAUNCHER] flg=0x10000000 cmp=com.example.dogglers/androidx.test.core.app.InstrumentationActivityInvoker$EmptyActivity }, activity=androidx.test.core.app.InstrumentationActivityInvoker$EmptyActivity@8cc6481
06-09 15:31:19.571 18737 18737 D LifecycleMonitor: Lifecycle status change: androidx.test.core.app.InstrumentationActivityInvoker$EmptyActivity@8cc6481 in: RESUMED
06-09 15:31:19.571 18737 18737 V ActivityScenario: Activity lifecycle changed event received but ignored because the intent does not match. startActivityIntent=Intent { act=android.intent.action.MAIN cat=[android.intent.category.LAUNCHER] cmp=com.example.dogglers/.GridListActivity }, activity.getIntent()=Intent { act=android.intent.action.MAIN cat=[android.intent.category.LAUNCHER] flg=0x10000000 cmp=com.example.dogglers/androidx.test.core.app.InstrumentationActivityInvoker$EmptyActivity }, activity=androidx.test.core.app.InstrumentationActivityInvoker$EmptyActivity@8cc6481
06-09 15:31:19.587   347   408 D goldfish-address-space: claimShared: Ask to claim region [0x3ec000000 0x3ec9a4000]
06-09 15:31:19.592   347   408 D goldfish-address-space: claimShared: Ask to claim region [0x3ef2e8000 0x3efc8c000]
06-09 15:31:19.594   347   408 D goldfish-address-space: claimShared: Ask to claim region [0x3f0000000 0x3f09a4000]
06-09 15:31:19.599   546   571 I ActivityTaskManager: Displayed com.example.dogglers/androidx.test.core.app.InstrumentationActivityInvoker$EmptyActivity: +81ms
06-09 15:31:19.603 18737 18737 D LifecycleMonitor: Lifecycle status change: androidx.test.core.app.InstrumentationActivityInvoker$EmptyActivity@6666402 in: STOPPED
06-09 15:31:19.604 18737 18737 V ActivityScenario: Activity lifecycle changed event received but ignored because the intent does not match. startActivityIntent=Intent { act=android.intent.action.MAIN cat=[android.intent.category.LAUNCHER] cmp=com.example.dogglers/.GridListActivity }, activity.getIntent()=Intent { act=android.intent.action.MAIN cat=[android.intent.category.LAUNCHER] flg=0x10000000 cmp=com.example.dogglers/androidx.test.core.app.InstrumentationActivityInvoker$EmptyActivity }, activity=androidx.test.core.app.InstrumentationActivityInvoker$EmptyActivity@6666402
06-09 15:31:19.618   347   408 D goldfish-address-space: claimShared: Ask to claim region [0x3ed348000 0x3ed974000]
06-09 15:31:19.630 18737 18737 D LifecycleMonitor: Lifecycle status change: androidx.test.core.app.InstrumentationActivityInvoker$EmptyActivity@6666402 in: DESTROYED
06-09 15:31:19.630 18737 18737 V ActivityScenario: Activity lifecycle changed event received but ignored because the intent does not match. startActivityIntent=Intent { act=android.intent.action.MAIN cat=[android.intent.category.LAUNCHER] cmp=com.example.dogglers/.GridListActivity }, activity.getIntent()=Intent { act=android.intent.action.MAIN cat=[android.intent.category.LAUNCHER] flg=0x10000000 cmp=com.example.dogglers/androidx.test.core.app.InstrumentationActivityInvoker$EmptyActivity }, activity=androidx.test.core.app.InstrumentationActivityInvoker$EmptyActivity@6666402
06-09 15:31:19.632   546  2961 W InputManager-JNI: Input channel object 'f33739a com.example.dogglers/androidx.test.core.app.InstrumentationActivityInvoker$EmptyActivity (client)' was disposed without first being removed with the input manager!
06-09 15:31:19.639 18737 18737 D LifecycleMonitor: Lifecycle status change: androidx.test.core.app.InstrumentationActivityInvoker$EmptyActivity@8cc6481 in: PAUSED
06-09 15:31:19.640 18737 18737 V ActivityScenario: Activity lifecycle changed event received but ignored because the intent does not match. startActivityIntent=Intent { act=android.intent.action.MAIN cat=[android.intent.category.LAUNCHER] cmp=com.example.dogglers/.GridListActivity }, activity.getIntent()=Intent { act=android.intent.action.MAIN cat=[android.intent.category.LAUNCHER] flg=0x10000000 cmp=com.example.dogglers/androidx.test.core.app.InstrumentationActivityInvoker$EmptyActivity }, activity=androidx.test.core.app.InstrumentationActivityInvoker$EmptyActivity@8cc6481
06-09 15:31:19.655 18737 18760 I TestRunner: finished: vertical_scrolling(com.example.dogglers.GridListTests)
