06-09 15:31:17.556 18737 18760 I TestRunner: started: grid_list_content_on_first_page(com.example.dogglers.GridListTests)
06-09 15:31:17.562 18737 18760 W Settings: Setting always_finish_activities has moved from android.provider.Settings.System to android.provider.Settings.Global, returning read-only value.
06-09 15:31:17.578   739   830 D SplashScreenView: Build android.window.SplashScreenView{f3fde56 V.E...... ......ID 0,0-0,0}
06-09 15:31:17.578   739   830 D SplashScreenView: Icon: view: null drawable: null size: 0
06-09 15:31:17.578   739   830 D SplashScreenView: Branding: view: android.view.View{740ed7 G.ED..... ......I. 0,0-0,0 #10204a6 android:id/splashscreen_branding_view} drawable: null size w: 0 h: 0
06-09 15:31:17.593 18737 18737 D LifecycleMonitor: Lifecycle status change: androidx.test.core.app.InstrumentationActivityInvoker$BootstrapActivity@fe7b0cb in: PRE_ON_CREATE
06-09 15:31:17.593 18737 18737 V ActivityScenario: Activity lifecycle changed event received but ignored because the intent does not match. startActivityIntent=Intent { act=android.intent.action.MAIN cat=[android.intent.category.LAUNCHER] cmp=com.example.dogglers/.GridListActivity }, activity.getIntent()=Intent { act=android.intent.action.MAIN cat=[android.intent.category.LAUNCHER] flg=0x10008000 cmp=com.example.dogglers/androidx.test.core.app.InstrumentationActivityInvoker$BootstrapActivity (has extras) }, activity=androidx.test.core.app.InstrumentationActivityInvoker$BootstrapActivity@fe7b0cb
06-09 15:31:17.600   347   407 D goldfish-address-space: claimShared: Ask to claim region [0x3ed348000 0x3edcec000]
06-09 15:31:17.603 18737 18737 D LifecycleMonitor: Lifecycle status change: androidx.test.core.app.InstrumentationActivityInvoker$BootstrapActivity@fe7b0cb in: CREATED
06-09 15:31:17.603   347   407 D goldfish-address-space: claimShared: Ask to claim region [0x3f2cbc000 0x3f3660000]
06-09 15:31:17.603 18737 18737 V ActivityScenario: Activity lifecycle changed event received but ignored because the intent does not match. startActivityIntent=Intent { act=android.intent.action.MAIN cat=[android.intent.category.LAUNCHER] cmp=com.example.dogglers/.GridListActivity }, activity.getIntent()=Intent { act=android.intent.action.MAIN cat=[android.intent.category.LAUNCHER] flg=0x10008000 cmp=com.example.dogglers/androidx.test.core.app.InstrumentationActivityInvoker$BootstrapActivity (has extras) }, activity=androidx.test.core.app.InstrumentationActivityInvoker$BootstrapActivity@fe7b0cb
06-09 15:31:17.604 18737 18737 D LifecycleMonitor: Lifecycle status change: androidx.test.core.app.InstrumentationActivityInvoker$BootstrapActivity@fe7b0cb in: STARTED
06-09 15:31:17.604   347   407 D goldfish-address-space: claimShared: Ask to claim region [0x3f0000000 0x3f09a4000]
06-09 15:31:17.604 18737 18737 V ActivityScenario: Activity lifecycle changed event received but ignored because the intent does not match. startActivityIntent=Intent { act=android.intent.action.MAIN cat=[android.intent.category.LAUNCHER] cmp=com.example.dogglers/.GridListActivity }, activity.getIntent()=Intent { act=android.intent.action.MAIN cat=[android.intent.category.LAUNCHER] flg=0x10008000 cmp=com.example.dogglers/androidx.test.core.app.InstrumentationActivityInvoker$BootstrapActivity (has extras) }, activity=androidx.test.core.app.InstrumentationActivityInvoker$BootstrapActivity@fe7b0cb
06-09 15:31:17.610 18737 18737 D LifecycleMonitor: Lifecycle status change: androidx.test.core.app.InstrumentationActivityInvoker$BootstrapActivity@fe7b0cb in: RESUMED
06-09 15:31:17.611 18737 18737 V ActivityScenario: Activity lifecycle changed event received but ignored because the intent does not match. startActivityIntent=Intent { act=android.intent.action.MAIN cat=[android.intent.category.LAUNCHER] cmp=com.example.dogglers/.GridListActivity }, activity.getIntent()=Intent { act=android.intent.action.MAIN cat=[android.intent.category.LAUNCHER] flg=0x10008000 cmp=com.example.dogglers/androidx.test.core.app.InstrumentationActivityInvoker$BootstrapActivity (has extras) }, activity=androidx.test.core.app.InstrumentationActivityInvoker$BootstrapActivity@fe7b0cb
06-09 15:31:17.617 18737 18737 D LifecycleMonitor: Lifecycle status change: androidx.test.core.app.InstrumentationActivityInvoker$BootstrapActivity@fe7b0cb in: PAUSED
06-09 15:31:17.617 18737 18737 V ActivityScenario: Activity lifecycle changed event received but ignored because the intent does not match. startActivityIntent=Intent { act=android.intent.action.MAIN cat=[android.intent.category.LAUNCHER] cmp=com.example.dogglers/.GridListActivity }, activity.getIntent()=Intent { act=android.intent.action.MAIN cat=[android.intent.category.LAUNCHER] flg=0x10008000 cmp=com.example.dogglers/androidx.test.core.app.InstrumentationActivityInvoker$BootstrapActivity (has extras) }, activity=androidx.test.core.app.InstrumentationActivityInvoker$BootstrapActivity@fe7b0cb
06-09 15:31:17.636  1606  1606 I A       : onApplyWindowInsets: systemWindowInsets=Insets{left=0, top=145, right=0, bottom=132}
06-09 15:31:17.637  1606  1606 I A       : onApplyWindowInsets: Adjusting for display cutouts. Safe insets: left=0, top=136, right=0, bottom=0
06-09 15:31:17.638  1606  1606 I A       : onApplyWindowInsets: systemWindowInsets=Insets{left=0, top=145, right=0, bottom=132}
06-09 15:31:17.641 18737 18737 D LifecycleMonitor: Lifecycle status change: com.example.dogglers.GridListActivity@1fa20b5 in: PRE_ON_CREATE
06-09 15:31:17.641 18737 18737 V ActivityScenario: Activity lifecycle changed event received but ignored because the reported transition was not ON_CREATE while the last known transition was PRE_ON_CREATE
06-09 15:31:17.654  1377  1377 I GsaVoiceInteractionSrv: Handling ACTION_STOP_HOTWORD
06-09 15:31:17.655  1377  1377 E HwDetectorWithState: a: 3
06-09 15:31:17.659 18737 18737 D LifecycleMonitor: Lifecycle status change: com.example.dogglers.GridListActivity@1fa20b5 in: CREATED
06-09 15:31:17.660 18737 18737 V ActivityScenario: Update currentActivityStage to CREATED, currentActivity=com.example.dogglers.GridListActivity@1fa20b5
06-09 15:31:17.661 18737 18737 D LifecycleMonitor: Lifecycle status change: com.example.dogglers.GridListActivity@1fa20b5 in: STARTED
06-09 15:31:17.662 18737 18737 V ActivityScenario: Update currentActivityStage to STARTED, currentActivity=com.example.dogglers.GridListActivity@1fa20b5
06-09 15:31:17.663 18737 18737 D LifecycleMonitor: Lifecycle status change: com.example.dogglers.GridListActivity@1fa20b5 in: RESUMED
06-09 15:31:17.663 18737 18737 V ActivityScenario: Update currentActivityStage to RESUMED, currentActivity=com.example.dogglers.GridListActivity@1fa20b5
06-09 15:31:17.682   347   407 D goldfish-address-space: claimShared: Ask to claim region [0x3ef2e8000 0x3efc8c000]
06-09 15:31:17.686   347   407 D goldfish-address-space: claimShared: Ask to claim region [0x3ec000000 0x3ec9a4000]
06-09 15:31:17.687   347   407 D goldfish-address-space: claimShared: Ask to claim region [0x3ec9a4000 0x3ed348000]
06-09 15:31:17.830  1303  1303 I GoogleInputMethodService: GoogleInputMethodService.onFinishInput():3420
06-09 15:31:17.831  1303  1303 I GoogleInputMethodService: GoogleInputMethodService.onStartInput():2002
06-09 15:31:17.831  1303  1303 I DeviceUnlockedTag: DeviceUnlockedTag.notifyDeviceLockStatusChanged():31 Notify device unlocked.
06-09 15:31:17.860 18737 18737 I ViewInteraction: Checking 'MatchesViewAssertion{viewMatcher=(view has effective visibility <VISIBLE> and view.getGlobalVisibleRect() to return non-empty rectangle)}' assertion on view an instance of android.widget.TextView and view.getText() with or without transformation to match: is "Nox"
06-09 15:31:17.872 18737 18737 D LifecycleMonitor: Lifecycle status change: com.example.dogglers.GridListActivity@1fa20b5 in: PAUSED
06-09 15:31:17.872 18737 18737 V ActivityScenario: Update currentActivityStage to PAUSED, currentActivity=com.example.dogglers.GridListActivity@1fa20b5
06-09 15:31:17.886 18737 18737 D LifecycleMonitor: Lifecycle status change: androidx.test.core.app.InstrumentationActivityInvoker$EmptyActivity@5b35621 in: PRE_ON_CREATE
06-09 15:31:17.887 18737 18737 V ActivityScenario: Activity lifecycle changed event received but ignored because the intent does not match. startActivityIntent=Intent { act=android.intent.action.MAIN cat=[android.intent.category.LAUNCHER] cmp=com.example.dogglers/.GridListActivity }, activity.getIntent()=Intent { act=android.intent.action.MAIN cat=[android.intent.category.LAUNCHER] flg=0x10000000 cmp=com.example.dogglers/androidx.test.core.app.InstrumentationActivityInvoker$EmptyActivity }, activity=androidx.test.core.app.InstrumentationActivityInvoker$EmptyActivity@5b35621
06-09 15:31:17.890 18737 18745 I xample.doggler: JIT allocated 77KB for compiled code of void android.view.View.<init>(android.content.Context, android.util.AttributeSet, int, int)
06-09 15:31:17.900 18737 18737 D LifecycleMonitor: Lifecycle status change: androidx.test.core.app.InstrumentationActivityInvoker$EmptyActivity@5b35621 in: CREATED
06-09 15:31:17.901 18737 18737 V ActivityScenario: Activity lifecycle changed event received but ignored because the intent does not match. startActivityIntent=Intent { act=android.intent.action.MAIN cat=[android.intent.category.LAUNCHER] cmp=com.example.dogglers/.GridListActivity }, activity.getIntent()=Intent { act=android.intent.action.MAIN cat=[android.intent.category.LAUNCHER] flg=0x10000000 cmp=com.example.dogglers/androidx.test.core.app.InstrumentationActivityInvoker$EmptyActivity }, activity=androidx.test.core.app.InstrumentationActivityInvoker$EmptyActivity@5b35621
06-09 15:31:17.902 18737 18737 D LifecycleMonitor: Lifecycle status change: androidx.test.core.app.InstrumentationActivityInvoker$EmptyActivity@5b35621 in: STARTED
06-09 15:31:17.902 18737 18737 V ActivityScenario: Activity lifecycle changed event received but ignored because the intent does not match. startActivityIntent=Intent { act=android.intent.action.MAIN cat=[android.intent.category.LAUNCHER] cmp=com.example.dogglers/.GridListActivity }, activity.getIntent()=Intent { act=android.intent.action.MAIN cat=[android.intent.category.LAUNCHER] flg=0x10000000 cmp=com.example.dogglers/androidx.test.core.app.InstrumentationActivityInvoker$EmptyActivity }, activity=androidx.test.core.app.InstrumentationActivityInvoker$EmptyActivity@5b35621
06-09 15:31:17.904 18737 18737 D LifecycleMonitor: Lifecycle status change: androidx.test.core.app.InstrumentationActivityInvoker$EmptyActivity@5b35621 in: RESUMED
06-09 15:31:17.905 18737 18737 V ActivityScenario: Activity lifecycle changed event received but ignored because the intent does not match. startActivityIntent=Intent { act=android.intent.action.MAIN cat=[android.intent.category.LAUNCHER] cmp=com.example.dogglers/.GridListActivity }, activity.getIntent()=Intent { act=android.intent.action.MAIN cat=[android.intent.category.LAUNCHER] flg=0x10000000 cmp=com.example.dogglers/androidx.test.core.app.InstrumentationActivityInvoker$EmptyActivity }, activity=androidx.test.core.app.InstrumentationActivityInvoker$EmptyActivity@5b35621
06-09 15:31:17.920   347   407 D goldfish-address-space: claimShared: Ask to claim region [0x3edcec000 0x3ee690000]
06-09 15:31:17.927   347   407 D goldfish-address-space: claimShared: Ask to claim region [0x3f09a4000 0x3f1348000]
06-09 15:31:17.931   347   407 D goldfish-address-space: claimShared: Ask to claim region [0x3f1348000 0x3f1cec000]
06-09 15:31:17.937   546   571 I ActivityTaskManager: Displayed com.example.dogglers/androidx.test.core.app.InstrumentationActivityInvoker$EmptyActivity: +368ms
06-09 15:31:17.978 18737 18737 D LifecycleMonitor: Lifecycle status change: com.example.dogglers.GridListActivity@1fa20b5 in: STOPPED
06-09 15:31:17.979 18737 18737 V ActivityScenario: Update currentActivityStage to STOPPED, currentActivity=com.example.dogglers.GridListActivity@1fa20b5
06-09 15:31:17.983 18737 18737 D LifecycleMonitor: Lifecycle status change: com.example.dogglers.GridListActivity@1fa20b5 in: DESTROYED
06-09 15:31:17.983 18737 18737 V ActivityScenario: Update currentActivityStage to DESTROYED, currentActivity=null
06-09 15:31:17.987   546   932 W InputManager-JNI: Input channel object '492a2ba com.example.dogglers/com.example.dogglers.GridListActivity (client)' was disposed without first being removed with the input manager!
06-09 15:31:17.995 18737 18737 D LifecycleMonitor: Lifecycle status change: androidx.test.core.app.InstrumentationActivityInvoker$EmptyActivity@5b35621 in: PAUSED
06-09 15:31:17.996 18737 18737 V ActivityScenario: Activity lifecycle changed event received but ignored because the intent does not match. startActivityIntent=Intent { act=android.intent.action.MAIN cat=[android.intent.category.LAUNCHER] cmp=com.example.dogglers/.GridListActivity }, activity.getIntent()=Intent { act=android.intent.action.MAIN cat=[android.intent.category.LAUNCHER] flg=0x10000000 cmp=com.example.dogglers/androidx.test.core.app.InstrumentationActivityInvoker$EmptyActivity }, activity=androidx.test.core.app.InstrumentationActivityInvoker$EmptyActivity@5b35621
06-09 15:31:18.006 18737 18737 D LifecycleMonitor: Lifecycle status change: androidx.test.core.app.InstrumentationActivityInvoker$EmptyActivity@39c8acc in: PRE_ON_CREATE
06-09 15:31:18.007 18737 18737 V ActivityScenario: Activity lifecycle changed event received but ignored because the intent does not match. startActivityIntent=Intent { act=android.intent.action.MAIN cat=[android.intent.category.LAUNCHER] cmp=com.example.dogglers/.GridListActivity }, activity.getIntent()=Intent { act=android.intent.action.MAIN cat=[android.intent.category.LAUNCHER] flg=0x10000000 cmp=com.example.dogglers/androidx.test.core.app.InstrumentationActivityInvoker$EmptyActivity }, activity=androidx.test.core.app.InstrumentationActivityInvoker$EmptyActivity@39c8acc
06-09 15:31:18.012 18737 18737 D LifecycleMonitor: Lifecycle status change: androidx.test.core.app.InstrumentationActivityInvoker$EmptyActivity@39c8acc in: CREATED
06-09 15:31:18.013 18737 18737 V ActivityScenario: Activity lifecycle changed event received but ignored because the intent does not match. startActivityIntent=Intent { act=android.intent.action.MAIN cat=[android.intent.category.LAUNCHER] cmp=com.example.dogglers/.GridListActivity }, activity.getIntent()=Intent { act=android.intent.action.MAIN cat=[android.intent.category.LAUNCHER] flg=0x10000000 cmp=com.example.dogglers/androidx.test.core.app.InstrumentationActivityInvoker$EmptyActivity }, activity=androidx.test.core.app.InstrumentationActivityInvoker$EmptyActivity@39c8acc
06-09 15:31:18.015 18737 18737 D LifecycleMonitor: Lifecycle status change: androidx.test.core.app.InstrumentationActivityInvoker$EmptyActivity@39c8acc in: STARTED
06-09 15:31:18.015 18737 18737 V ActivityScenario: Activity lifecycle changed event received but ignored because the intent does not match. startActivityIntent=Intent { act=android.intent.action.MAIN cat=[android.intent.category.LAUNCHER] cmp=com.example.dogglers/.GridListActivity }, activity.getIntent()=Intent { act=android.intent.action.MAIN cat=[android.intent.category.LAUNCHER] flg=0x10000000 cmp=com.example.dogglers/androidx.test.core.app.InstrumentationActivityInvoker$EmptyActivity }, activity=androidx.test.core.app.InstrumentationActivityInvoker$EmptyActivity@39c8acc
06-09 15:31:18.018 18737 18737 D LifecycleMonitor: Lifecycle status change: androidx.test.core.app.InstrumentationActivityInvoker$EmptyActivity@39c8acc in: RESUMED
06-09 15:31:18.018 18737 18737 V ActivityScenario: Activity lifecycle changed event received but ignored because the intent does not match. startActivityIntent=Intent { act=android.intent.action.MAIN cat=[android.intent.category.LAUNCHER] cmp=com.example.dogglers/.GridListActivity }, activity.getIntent()=Intent { act=android.intent.action.MAIN cat=[android.intent.category.LAUNCHER] flg=0x10000000 cmp=com.example.dogglers/androidx.test.core.app.InstrumentationActivityInvoker$EmptyActivity }, activity=androidx.test.core.app.InstrumentationActivityInvoker$EmptyActivity@39c8acc
06-09 15:31:18.026   546   575 W InputManager-JNI: Input channel object 'c9058b Splash Screen com.example.dogglers (client)' was disposed without first being removed with the input manager!
06-09 15:31:18.038   347   407 D goldfish-address-space: claimShared: Ask to claim region [0x3f1cec000 0x3f2690000]
06-09 15:31:18.043   347   407 D goldfish-address-space: claimShared: Ask to claim region [0x3f488c000 0x3f5230000]
06-09 15:31:18.044   347   408 D goldfish-address-space: claimShared: Ask to claim region [0x3f5230000 0x3f5bd4000]
06-09 15:31:18.051   546   571 I ActivityTaskManager: Displayed com.example.dogglers/androidx.test.core.app.InstrumentationActivityInvoker$EmptyActivity: +104ms
06-09 15:31:18.057 18737 18737 D LifecycleMonitor: Lifecycle status change: androidx.test.core.app.InstrumentationActivityInvoker$EmptyActivity@5b35621 in: STOPPED
06-09 15:31:18.057 18737 18737 V ActivityScenario: Activity lifecycle changed event received but ignored because the intent does not match. startActivityIntent=Intent { act=android.intent.action.MAIN cat=[android.intent.category.LAUNCHER] cmp=com.example.dogglers/.GridListActivity }, activity.getIntent()=Intent { act=android.intent.action.MAIN cat=[android.intent.category.LAUNCHER] flg=0x10000000 cmp=com.example.dogglers/androidx.test.core.app.InstrumentationActivityInvoker$EmptyActivity }, activity=androidx.test.core.app.InstrumentationActivityInvoker$EmptyActivity@5b35621
06-09 15:31:18.066 18737 18737 D LifecycleMonitor: Lifecycle status change: androidx.test.core.app.InstrumentationActivityInvoker$BootstrapActivity@fe7b0cb in: STOPPED
06-09 15:31:18.067 18737 18737 V ActivityScenario: Activity lifecycle changed event received but ignored because the intent does not match. startActivityIntent=Intent { act=android.intent.action.MAIN cat=[android.intent.category.LAUNCHER] cmp=com.example.dogglers/.GridListActivity }, activity.getIntent()=Intent { act=android.intent.action.MAIN cat=[android.intent.category.LAUNCHER] flg=0x10008000 cmp=com.example.dogglers/androidx.test.core.app.InstrumentationActivityInvoker$BootstrapActivity (has extras) }, activity=androidx.test.core.app.InstrumentationActivityInvoker$BootstrapActivity@fe7b0cb
06-09 15:31:18.069 18737 18737 D LifecycleMonitor: Lifecycle status change: androidx.test.core.app.InstrumentationActivityInvoker$BootstrapActivity@fe7b0cb in: DESTROYED
06-09 15:31:18.069 18737 18737 V ActivityScenario: Activity lifecycle changed event received but ignored because the intent does not match. startActivityIntent=Intent { act=android.intent.action.MAIN cat=[android.intent.category.LAUNCHER] cmp=com.example.dogglers/.GridListActivity }, activity.getIntent()=Intent { act=android.intent.action.MAIN cat=[android.intent.category.LAUNCHER] flg=0x10008000 cmp=com.example.dogglers/androidx.test.core.app.InstrumentationActivityInvoker$BootstrapActivity (has extras) }, activity=androidx.test.core.app.InstrumentationActivityInvoker$BootstrapActivity@fe7b0cb
06-09 15:31:18.075   347   408 D goldfish-address-space: claimShared: Ask to claim region [0x3ee690000 0x3eecbc000]
06-09 15:31:18.095 18737 18737 D LifecycleMonitor: Lifecycle status change: androidx.test.core.app.InstrumentationActivityInvoker$EmptyActivity@5b35621 in: DESTROYED
06-09 15:31:18.095 18737 18737 V ActivityScenario: Activity lifecycle changed event received but ignored because the intent does not match. startActivityIntent=Intent { act=android.intent.action.MAIN cat=[android.intent.category.LAUNCHER] cmp=com.example.dogglers/.GridListActivity }, activity.getIntent()=Intent { act=android.intent.action.MAIN cat=[android.intent.category.LAUNCHER] flg=0x10000000 cmp=com.example.dogglers/androidx.test.core.app.InstrumentationActivityInvoker$EmptyActivity }, activity=androidx.test.core.app.InstrumentationActivityInvoker$EmptyActivity@5b35621
06-09 15:31:18.100   546  2021 W InputManager-JNI: Input channel object '26d20c2 com.example.dogglers/androidx.test.core.app.InstrumentationActivityInvoker$EmptyActivity (client)' was disposed without first being removed with the input manager!
06-09 15:31:18.104 18737 18737 D LifecycleMonitor: Lifecycle status change: androidx.test.core.app.InstrumentationActivityInvoker$EmptyActivity@39c8acc in: PAUSED
06-09 15:31:18.104 18737 18737 V ActivityScenario: Activity lifecycle changed event received but ignored because the intent does not match. startActivityIntent=Intent { act=android.intent.action.MAIN cat=[android.intent.category.LAUNCHER] cmp=com.example.dogglers/.GridListActivity }, activity.getIntent()=Intent { act=android.intent.action.MAIN cat=[android.intent.category.LAUNCHER] flg=0x10000000 cmp=com.example.dogglers/androidx.test.core.app.InstrumentationActivityInvoker$EmptyActivity }, activity=androidx.test.core.app.InstrumentationActivityInvoker$EmptyActivity@39c8acc
06-09 15:31:18.116 18737 18760 I TestRunner: finished: grid_list_content_on_first_page(com.example.dogglers.GridListTests)
