06-09 15:31:20.074 18737 18760 I TestRunner: started: grid_list_content_at_last_position(com.example.dogglers.GridListTests)
06-09 15:31:20.080 18737 18760 W Settings: Setting always_finish_activities has moved from android.provider.Settings.System to android.provider.Settings.Global, returning read-only value.
06-09 15:31:20.092   739   830 D SplashScreenView: Build android.window.SplashScreenView{4805bc7 V.E...... ......ID 0,0-0,0}
06-09 15:31:20.092   739   830 D SplashScreenView: Icon: view: null drawable: null size: 0
06-09 15:31:20.092   739   830 D SplashScreenView: Branding: view: android.view.View{987e5f4 G.ED..... ......I. 0,0-0,0 #10204a6 android:id/splashscreen_branding_view} drawable: null size w: 0 h: 0
06-09 15:31:20.104 18737 18737 D LifecycleMonitor: Lifecycle status change: androidx.test.core.app.InstrumentationActivityInvoker$BootstrapActivity@d6022b9 in: PRE_ON_CREATE
06-09 15:31:20.104 18737 18737 V ActivityScenario: Activity lifecycle changed event received but ignored because the intent does not match. startActivityIntent=Intent { act=android.intent.action.MAIN cat=[android.intent.category.LAUNCHER] cmp=com.example.dogglers/.GridListActivity }, activity.getIntent()=Intent { act=android.intent.action.MAIN cat=[android.intent.category.LAUNCHER] flg=0x10008000 cmp=com.example.dogglers/androidx.test.core.app.InstrumentationActivityInvoker$BootstrapActivity (has extras) }, activity=androidx.test.core.app.InstrumentationActivityInvoker$BootstrapActivity@d6022b9
06-09 15:31:20.110 18737 18737 D LifecycleMonitor: Lifecycle status change: androidx.test.core.app.InstrumentationActivityInvoker$BootstrapActivity@d6022b9 in: CREATED
06-09 15:31:20.110 18737 18737 V ActivityScenario: Activity lifecycle changed event received but ignored because the intent does not match. startActivityIntent=Intent { act=android.intent.action.MAIN cat=[android.intent.category.LAUNCHER] cmp=com.example.dogglers/.GridListActivity }, activity.getIntent()=Intent { act=android.intent.action.MAIN cat=[android.intent.category.LAUNCHER] flg=0x10008000 cmp=com.example.dogglers/androidx.test.core.app.InstrumentationActivityInvoker$BootstrapActivity (has extras) }, activity=androidx.test.core.app.InstrumentationActivityInvoker$BootstrapActivity@d6022b9
06-09 15:31:20.112 18737 18737 D LifecycleMonitor: Lifecycle status change: androidx.test.core.app.InstrumentationActivityInvoker$BootstrapActivity@d6022b9 in: STARTED
06-09 15:31:20.112 18737 18737 V ActivityScenario: Activity lifecycle changed event received but ignored because the intent does not match. startActivityIntent=Intent { act=android.intent.action.MAIN cat=[android.intent.category.LAUNCHER] cmp=com.example.dogglers/.GridListActivity }, activity.getIntent()=Intent { act=android.intent.action.MAIN cat=[android.intent.category.LAUNCHER] flg=0x10008000 cmp=com.example.dogglers/androidx.test.core.app.InstrumentationActivityInvoker$BootstrapActivity (has extras) }, activity=androidx.test.core.app.InstrumentationActivityInvoker$BootstrapActivity@d6022b9
06-09 15:31:20.120   347   408 D goldfish-address-space: claimShared: Ask to claim region [0x3ec000000 0x3ec9a4000]
06-09 15:31:20.121 18737 18737 D LifecycleMonitor: Lifecycle status change: androidx.test.core.app.InstrumentationActivityInvoker$BootstrapActivity@d6022b9 in: RESUMED
06-09 15:31:20.121 18737 18737 V ActivityScenario: Activity lifecycle changed event received but ignored because the intent does not match. startActivityIntent=Intent { act=android.intent.action.MAIN cat=[android.intent.category.LAUNCHER] cmp=com.example.dogglers/.GridListActivity }, activity.getIntent()=Intent { act=android.intent.action.MAIN cat=[android.intent.category.LAUNCHER] flg=0x10008000 cmp=com.example.dogglers/androidx.test.core.app.InstrumentationActivityInvoker$BootstrapActivity (has extras) }, activity=androidx.test.core.app.InstrumentationActivityInvoker$BootstrapActivity@d6022b9
06-09 15:31:20.123   347   407 D goldfish-address-space: claimShared: Ask to claim region [0x3ef2e8000 0x3efc8c000]
06-09 15:31:20.125   347   407 D goldfish-address-space: claimShared: Ask to claim region [0x3f0000000 0x3f09a4000]
06-09 15:31:20.127 18737 18737 D LifecycleMonitor: Lifecycle status change: androidx.test.core.app.InstrumentationActivityInvoker$BootstrapActivity@d6022b9 in: PAUSED
06-09 15:31:20.127 18737 18737 V ActivityScenario: Activity lifecycle changed event received but ignored because the intent does not match. startActivityIntent=Intent { act=android.intent.action.MAIN cat=[android.intent.category.LAUNCHER] cmp=com.example.dogglers/.GridListActivity }, activity.getIntent()=Intent { act=android.intent.action.MAIN cat=[android.intent.category.LAUNCHER] flg=0x10008000 cmp=com.example.dogglers/androidx.test.core.app.InstrumentationActivityInvoker$BootstrapActivity (has extras) }, activity=androidx.test.core.app.InstrumentationActivityInvoker$BootstrapActivity@d6022b9
06-09 15:31:20.146 18737 18737 D LifecycleMonitor: Lifecycle status change: com.example.dogglers.GridListActivity@269c17b in: PRE_ON_CREATE
06-09 15:31:20.146 18737 18737 V ActivityScenario: Activity lifecycle changed event received but ignored because the reported transition was not ON_CREATE while the last known transition was PRE_ON_CREATE
06-09 15:31:20.162 18737 18737 D LifecycleMonitor: Lifecycle status change: com.example.dogglers.GridListActivity@269c17b in: CREATED
06-09 15:31:20.163 18737 18737 V ActivityScenario: Update currentActivityStage to CREATED, currentActivity=com.example.dogglers.GridListActivity@269c17b
06-09 15:31:20.165 18737 18737 D LifecycleMonitor: Lifecycle status change: com.example.dogglers.GridListActivity@269c17b in: STARTED
06-09 15:31:20.165 18737 18737 V ActivityScenario: Update currentActivityStage to STARTED, currentActivity=com.example.dogglers.GridListActivity@269c17b
06-09 15:31:20.166 18737 18737 D LifecycleMonitor: Lifecycle status change: com.example.dogglers.GridListActivity@269c17b in: RESUMED
06-09 15:31:20.167 18737 18737 V ActivityScenario: Update currentActivityStage to RESUMED, currentActivity=com.example.dogglers.GridListActivity@269c17b
06-09 15:31:20.174 18737 18737 D LifecycleMonitor: Lifecycle status change: androidx.test.core.app.InstrumentationActivityInvoker$BootstrapActivity@d6022b9 in: STOPPED
06-09 15:31:20.174 18737 18737 V ActivityScenario: Activity lifecycle changed event received but ignored because the intent does not match. startActivityIntent=Intent { act=android.intent.action.MAIN cat=[android.intent.category.LAUNCHER] cmp=com.example.dogglers/.GridListActivity }, activity.getIntent()=Intent { act=android.intent.action.MAIN cat=[android.intent.category.LAUNCHER] flg=0x10008000 cmp=com.example.dogglers/androidx.test.core.app.InstrumentationActivityInvoker$BootstrapActivity (has extras) }, activity=androidx.test.core.app.InstrumentationActivityInvoker$BootstrapActivity@d6022b9
06-09 15:31:20.187   347   407 D goldfish-address-space: claimShared: Ask to claim region [0x3f3034000 0x3f39d8000]
06-09 15:31:20.191   347   407 D goldfish-address-space: claimShared: Ask to claim region [0x3f488c000 0x3f5230000]
06-09 15:31:20.193   347   408 D goldfish-address-space: claimShared: Ask to claim region [0x3f5230000 0x3f5bd4000]
06-09 15:31:20.198  1377  1377 I GsaVoiceInteractionSrv: Handling ACTION_STOP_HOTWORD
06-09 15:31:20.199  1377  1377 E HwDetectorWithState: a: 3
06-09 15:31:20.263   546   571 I ActivityTaskManager: Displayed com.example.dogglers/.GridListActivity: +176ms
06-09 15:31:20.266 18737 18737 D RootViewPicker: Root not ready - waiting: 10ms for one to appear.
06-09 15:31:20.281  1303  1303 I GoogleInputMethodService: GoogleInputMethodService.onFinishInput():3420
06-09 15:31:20.281  1303  1303 I GoogleInputMethodService: GoogleInputMethodService.onStartInput():2002
06-09 15:31:20.282  1303  1303 I DeviceUnlockedTag: DeviceUnlockedTag.notifyDeviceLockStatusChanged():31 Notify device unlocked.
06-09 15:31:20.329 18737 18737 I ViewInteraction: Performing 'scroll RecyclerView to position: 5' action on view view.getId() is <2131230937/com.example.dogglers:id/grid_recycler_view>
06-09 15:31:20.396 18737 18737 I ViewInteraction: Checking 'MatchesViewAssertion{viewMatcher=(view has effective visibility <VISIBLE> and view.getGlobalVisibleRect() to return non-empty rectangle)}' assertion on view an instance of android.widget.TextView and view.getText() with or without transformation to match: is "Bella"
06-09 15:31:20.435 18737 18737 D LifecycleMonitor: Lifecycle status change: com.example.dogglers.GridListActivity@269c17b in: PAUSED
06-09 15:31:20.436 18737 18737 V ActivityScenario: Update currentActivityStage to PAUSED, currentActivity=com.example.dogglers.GridListActivity@269c17b
06-09 15:31:20.446 18737 18737 D LifecycleMonitor: Lifecycle status change: androidx.test.core.app.InstrumentationActivityInvoker$EmptyActivity@43d4600 in: PRE_ON_CREATE
06-09 15:31:20.446 18737 18737 V ActivityScenario: Activity lifecycle changed event received but ignored because the intent does not match. startActivityIntent=Intent { act=android.intent.action.MAIN cat=[android.intent.category.LAUNCHER] cmp=com.example.dogglers/.GridListActivity }, activity.getIntent()=Intent { act=android.intent.action.MAIN cat=[android.intent.category.LAUNCHER] flg=0x10000000 cmp=com.example.dogglers/androidx.test.core.app.InstrumentationActivityInvoker$EmptyActivity }, activity=androidx.test.core.app.InstrumentationActivityInvoker$EmptyActivity@43d4600
06-09 15:31:20.451 18737 18737 D LifecycleMonitor: Lifecycle status change: androidx.test.core.app.InstrumentationActivityInvoker$EmptyActivity@43d4600 in: CREATED
06-09 15:31:20.454 18737 18737 V ActivityScenario: Activity lifecycle changed event received but ignored because the intent does not match. startActivityIntent=Intent { act=android.intent.action.MAIN cat=[android.intent.category.LAUNCHER] cmp=com.example.dogglers/.GridListActivity }, activity.getIntent()=Intent { act=android.intent.action.MAIN cat=[android.intent.category.LAUNCHER] flg=0x10000000 cmp=com.example.dogglers/androidx.test.core.app.InstrumentationActivityInvoker$EmptyActivity }, activity=androidx.test.core.app.InstrumentationActivityInvoker$EmptyActivity@43d4600
06-09 15:31:20.456 18737 18737 D LifecycleMonitor: Lifecycle status change: androidx.test.core.app.InstrumentationActivityInvoker$EmptyActivity@43d4600 in: STARTED
06-09 15:31:20.456 18737 18737 V ActivityScenario: Activity lifecycle changed event received but ignored because the intent does not match. startActivityIntent=Intent { act=android.intent.action.MAIN cat=[android.intent.category.LAUNCHER] cmp=com.example.dogglers/.GridListActivity }, activity.getIntent()=Intent { act=android.intent.action.MAIN cat=[android.intent.category.LAUNCHER] flg=0x10000000 cmp=com.example.dogglers/androidx.test.core.app.InstrumentationActivityInvoker$EmptyActivity }, activity=androidx.test.core.app.InstrumentationActivityInvoker$EmptyActivity@43d4600
06-09 15:31:20.460 18737 18737 D LifecycleMonitor: Lifecycle status change: androidx.test.core.app.InstrumentationActivityInvoker$EmptyActivity@43d4600 in: RESUMED
06-09 15:31:20.460 18737 18737 V ActivityScenario: Activity lifecycle changed event received but ignored because the intent does not match. startActivityIntent=Intent { act=android.intent.action.MAIN cat=[android.intent.category.LAUNCHER] cmp=com.example.dogglers/.GridListActivity }, activity.getIntent()=Intent { act=android.intent.action.MAIN cat=[android.intent.category.LAUNCHER] flg=0x10000000 cmp=com.example.dogglers/androidx.test.core.app.InstrumentationActivityInvoker$EmptyActivity }, activity=androidx.test.core.app.InstrumentationActivityInvoker$EmptyActivity@43d4600
06-09 15:31:20.466  1606  1606 I A       : onApplyWindowInsets: systemWindowInsets=Insets{left=0, top=145, right=0, bottom=132}
06-09 15:31:20.467  1606  1606 I A       : onApplyWindowInsets: Adjusting for display cutouts. Safe insets: left=0, top=136, right=0, bottom=0
06-09 15:31:20.467  1606  1606 I A       : onApplyWindowInsets: systemWindowInsets=Insets{left=0, top=145, right=0, bottom=132}
06-09 15:31:20.481   347   408 D goldfish-address-space: claimShared: Ask to claim region [0x3ed974000 0x3ee318000]
06-09 15:31:20.484   347   408 D goldfish-address-space: claimShared: Ask to claim region [0x3f09a4000 0x3f1348000]
06-09 15:31:20.484   739   836 D EGL_emulation: app_time_stats: avg=26.18ms min=1.04ms max=458.68ms count=19
06-09 15:31:20.486   347   408 D goldfish-address-space: claimShared: Ask to claim region [0x3f1348000 0x3f1cec000]
06-09 15:31:20.492   546   575 W InputManager-JNI: Input channel object 'af3d181 Splash Screen com.example.dogglers (client)' was disposed without first being removed with the input manager!
06-09 15:31:20.494   546   571 I ActivityTaskManager: Displayed com.example.dogglers/androidx.test.core.app.InstrumentationActivityInvoker$EmptyActivity: +64ms
06-09 15:31:20.511 18737 18737 D LifecycleMonitor: Lifecycle status change: com.example.dogglers.GridListActivity@269c17b in: STOPPED
06-09 15:31:20.512 18737 18737 V ActivityScenario: Update currentActivityStage to STOPPED, currentActivity=com.example.dogglers.GridListActivity@269c17b
06-09 15:31:20.514 18737 18737 D LifecycleMonitor: Lifecycle status change: com.example.dogglers.GridListActivity@269c17b in: DESTROYED
06-09 15:31:20.514 18737 18737 V ActivityScenario: Update currentActivityStage to DESTROYED, currentActivity=null
06-09 15:31:20.518   546  2017 W InputManager-JNI: Input channel object 'd1f44ae com.example.dogglers/com.example.dogglers.GridListActivity (client)' was disposed without first being removed with the input manager!
06-09 15:31:20.528 18737 18737 D LifecycleMonitor: Lifecycle status change: androidx.test.core.app.InstrumentationActivityInvoker$EmptyActivity@43d4600 in: PAUSED
06-09 15:31:20.528 18737 18737 V ActivityScenario: Activity lifecycle changed event received but ignored because the intent does not match. startActivityIntent=Intent { act=android.intent.action.MAIN cat=[android.intent.category.LAUNCHER] cmp=com.example.dogglers/.GridListActivity }, activity.getIntent()=Intent { act=android.intent.action.MAIN cat=[android.intent.category.LAUNCHER] flg=0x10000000 cmp=com.example.dogglers/androidx.test.core.app.InstrumentationActivityInvoker$EmptyActivity }, activity=androidx.test.core.app.InstrumentationActivityInvoker$EmptyActivity@43d4600
06-09 15:31:20.536 18737 18737 D LifecycleMonitor: Lifecycle status change: androidx.test.core.app.InstrumentationActivityInvoker$BootstrapActivity@d6022b9 in: DESTROYED
06-09 15:31:20.536 18737 18737 V ActivityScenario: Activity lifecycle changed event received but ignored because the intent does not match. startActivityIntent=Intent { act=android.intent.action.MAIN cat=[android.intent.category.LAUNCHER] cmp=com.example.dogglers/.GridListActivity }, activity.getIntent()=Intent { act=android.intent.action.MAIN cat=[android.intent.category.LAUNCHER] flg=0x10008000 cmp=com.example.dogglers/androidx.test.core.app.InstrumentationActivityInvoker$BootstrapActivity (has extras) }, activity=androidx.test.core.app.InstrumentationActivityInvoker$BootstrapActivity@d6022b9
06-09 15:31:20.543 18737 18737 D LifecycleMonitor: Lifecycle status change: androidx.test.core.app.InstrumentationActivityInvoker$EmptyActivity@db171d7 in: PRE_ON_CREATE
06-09 15:31:20.543 18737 18737 V ActivityScenario: Activity lifecycle changed event received but ignored because the intent does not match. startActivityIntent=Intent { act=android.intent.action.MAIN cat=[android.intent.category.LAUNCHER] cmp=com.example.dogglers/.GridListActivity }, activity.getIntent()=Intent { act=android.intent.action.MAIN cat=[android.intent.category.LAUNCHER] flg=0x10000000 cmp=com.example.dogglers/androidx.test.core.app.InstrumentationActivityInvoker$EmptyActivity }, activity=androidx.test.core.app.InstrumentationActivityInvoker$EmptyActivity@db171d7
06-09 15:31:20.548 18737 18737 D LifecycleMonitor: Lifecycle status change: androidx.test.core.app.InstrumentationActivityInvoker$EmptyActivity@db171d7 in: CREATED
06-09 15:31:20.549 18737 18737 V ActivityScenario: Activity lifecycle changed event received but ignored because the intent does not match. startActivityIntent=Intent { act=android.intent.action.MAIN cat=[android.intent.category.LAUNCHER] cmp=com.example.dogglers/.GridListActivity }, activity.getIntent()=Intent { act=android.intent.action.MAIN cat=[android.intent.category.LAUNCHER] flg=0x10000000 cmp=com.example.dogglers/androidx.test.core.app.InstrumentationActivityInvoker$EmptyActivity }, activity=androidx.test.core.app.InstrumentationActivityInvoker$EmptyActivity@db171d7
06-09 15:31:20.550 18737 18737 D LifecycleMonitor: Lifecycle status change: androidx.test.core.app.InstrumentationActivityInvoker$EmptyActivity@db171d7 in: STARTED
06-09 15:31:20.551 18737 18737 V ActivityScenario: Activity lifecycle changed event received but ignored because the intent does not match. startActivityIntent=Intent { act=android.intent.action.MAIN cat=[android.intent.category.LAUNCHER] cmp=com.example.dogglers/.GridListActivity }, activity.getIntent()=Intent { act=android.intent.action.MAIN cat=[android.intent.category.LAUNCHER] flg=0x10000000 cmp=com.example.dogglers/androidx.test.core.app.InstrumentationActivityInvoker$EmptyActivity }, activity=androidx.test.core.app.InstrumentationActivityInvoker$EmptyActivity@db171d7
06-09 15:31:20.553 18737 18737 D LifecycleMonitor: Lifecycle status change: androidx.test.core.app.InstrumentationActivityInvoker$EmptyActivity@db171d7 in: RESUMED
06-09 15:31:20.553 18737 18737 V ActivityScenario: Activity lifecycle changed event received but ignored because the intent does not match. startActivityIntent=Intent { act=android.intent.action.MAIN cat=[android.intent.category.LAUNCHER] cmp=com.example.dogglers/.GridListActivity }, activity.getIntent()=Intent { act=android.intent.action.MAIN cat=[android.intent.category.LAUNCHER] flg=0x10000000 cmp=com.example.dogglers/androidx.test.core.app.InstrumentationActivityInvoker$EmptyActivity }, activity=androidx.test.core.app.InstrumentationActivityInvoker$EmptyActivity@db171d7
06-09 15:31:20.568   347   408 D goldfish-address-space: claimShared: Ask to claim region [0x3ec9a4000 0x3ed348000]
06-09 15:31:20.573   347   408 D goldfish-address-space: claimShared: Ask to claim region [0x3f1cec000 0x3f2690000]
06-09 15:31:20.574   347   408 D goldfish-address-space: claimShared: Ask to claim region [0x3f2690000 0x3f3034000]
06-09 15:31:20.582   546   571 I ActivityTaskManager: Displayed com.example.dogglers/androidx.test.core.app.InstrumentationActivityInvoker$EmptyActivity: +75ms
06-09 15:31:20.585 18737 18737 D LifecycleMonitor: Lifecycle status change: androidx.test.core.app.InstrumentationActivityInvoker$EmptyActivity@43d4600 in: STOPPED
06-09 15:31:20.585 18737 18737 V ActivityScenario: Activity lifecycle changed event received but ignored because the intent does not match. startActivityIntent=Intent { act=android.intent.action.MAIN cat=[android.intent.category.LAUNCHER] cmp=com.example.dogglers/.GridListActivity }, activity.getIntent()=Intent { act=android.intent.action.MAIN cat=[android.intent.category.LAUNCHER] flg=0x10000000 cmp=com.example.dogglers/androidx.test.core.app.InstrumentationActivityInvoker$EmptyActivity }, activity=androidx.test.core.app.InstrumentationActivityInvoker$EmptyActivity@43d4600
06-09 15:31:20.598   347   408 D goldfish-address-space: claimShared: Ask to claim region [0x3f3034000 0x3f3660000]
06-09 15:31:20.613 18737 18737 D LifecycleMonitor: Lifecycle status change: androidx.test.core.app.InstrumentationActivityInvoker$EmptyActivity@43d4600 in: DESTROYED
06-09 15:31:20.613 18737 18737 V ActivityScenario: Activity lifecycle changed event received but ignored because the intent does not match. startActivityIntent=Intent { act=android.intent.action.MAIN cat=[android.intent.category.LAUNCHER] cmp=com.example.dogglers/.GridListActivity }, activity.getIntent()=Intent { act=android.intent.action.MAIN cat=[android.intent.category.LAUNCHER] flg=0x10000000 cmp=com.example.dogglers/androidx.test.core.app.InstrumentationActivityInvoker$EmptyActivity }, activity=androidx.test.core.app.InstrumentationActivityInvoker$EmptyActivity@43d4600
06-09 15:31:20.618   546  1912 W InputManager-JNI: Input channel object '95b8a3c com.example.dogglers/androidx.test.core.app.InstrumentationActivityInvoker$EmptyActivity (client)' was disposed without first being removed with the input manager!
06-09 15:31:20.628 18737 18737 D LifecycleMonitor: Lifecycle status change: androidx.test.core.app.InstrumentationActivityInvoker$EmptyActivity@db171d7 in: PAUSED
06-09 15:31:20.629 18737 18737 V ActivityScenario: Activity lifecycle changed event received but ignored because the intent does not match. startActivityIntent=Intent { act=android.intent.action.MAIN cat=[android.intent.category.LAUNCHER] cmp=com.example.dogglers/.GridListActivity }, activity.getIntent()=Intent { act=android.intent.action.MAIN cat=[android.intent.category.LAUNCHER] flg=0x10000000 cmp=com.example.dogglers/androidx.test.core.app.InstrumentationActivityInvoker$EmptyActivity }, activity=androidx.test.core.app.InstrumentationActivityInvoker$EmptyActivity@db171d7
06-09 15:31:20.638 18737 18760 I TestRunner: finished: grid_list_content_at_last_position(com.example.dogglers.GridListTests)
